Component: ARM Compiler 5.06 update 7 (build 960) Tool: armlink [4d3601]

==============================================================================

Section Cross References

    main.o(.text) refers to _printf_percent.o(.ARM.Collect$$_printf_percent$$00000000) for _printf_percent
    main.o(.text) refers to _printf_f.o(.ARM.Collect$$_printf_percent$$00000003) for _printf_f
    main.o(.text) refers to printf1.o(x$fpl$printf1) for _printf_fp_dec
    main.o(.text) refers to _printf_d.o(.ARM.Collect$$_printf_percent$$00000009) for _printf_d
    main.o(.text) refers to _printf_dec.o(.text) for _printf_int_dec
    main.o(.text) refers to _scanf_int.o(.text) for _scanf_int
    main.o(.text) refers to _scanf_str.o(.text) for _scanf_string
    main.o(.text) refers to oled.o(.text) for OLED_Clear
    main.o(.text) refers to f2d.o(x$fpl$f2d) for __aeabi_f2d
    main.o(.text) refers to noretval__2sprintf.o(.text) for __2sprintf
    main.o(.text) refers to lot.o(.text) for lot_send_data
    main.o(.text) refers to frleqf.o(x$fpl$frleqf) for __aeabi_cfrcmple
    main.o(.text) refers to adxl345.o(.text) for Get_Gngle
    main.o(.text) refers to dleqf.o(x$fpl$dleqf) for __aeabi_cdcmple
    main.o(.text) refers to drleqf.o(x$fpl$drleqf) for __aeabi_cdrcmple
    main.o(.text) refers to delay.o(.text) for delay_init
    main.o(.text) refers to misc.o(.text) for NVIC_PriorityGroupConfig
    main.o(.text) refers to usart.o(.text) for uart_init
    main.o(.text) refers to beep.o(.text) for BEEP_Init
    main.o(.text) refers to ds18b20.o(.text) for DS18B20_Init
    main.o(.text) refers to max30102.o(.text) for MAX30102_Init
    main.o(.text) refers to gps.o(.text) for parse_gps_msg
    main.o(.text) refers to max30102_read.o(.text) for ReadHeartRateSpO2
    main.o(.text) refers to strstr.o(.text) for strstr
    main.o(.text) refers to __0sscanf.o(.text) for __0sscanf
    main.o(.text) refers to fflt_clz.o(x$fpl$fflt) for __aeabi_i2f
    main.o(.text) refers to main.o(.data) for temp
    main.o(.text) refers to gps.o(.data) for latitude
    system_stm32f10x.o(.text) refers to system_stm32f10x.o(.data) for SystemCoreClock
    key.o(.text) refers to stm32f10x_rcc.o(.text) for RCC_APB2PeriphClockCmd
    key.o(.text) refers to stm32f10x_gpio.o(.text) for GPIO_Init
    key.o(.text) refers to delay.o(.text) for delay_ms
    key.o(.text) refers to key.o(.data) for key_up
    oled.o(.text) refers to stm32f10x_gpio.o(.text) for GPIO_ResetBits
    oled.o(.text) refers to oled.o(.bss) for OLED_GRAM
    oled.o(.text) refers to oled.o(.constdata) for asc2_0806
    oled.o(.text) refers to stm32f10x_rcc.o(.text) for RCC_APB2PeriphClockCmd
    oled.o(.text) refers to delay.o(.text) for delay_ms
    beep.o(.text) refers to stm32f10x_rcc.o(.text) for RCC_APB2PeriphClockCmd
    beep.o(.text) refers to stm32f10x_gpio.o(.text) for GPIO_Init
    iic.o(.text) refers to stm32f10x_rcc.o(.text) for RCC_APB2PeriphClockCmd
    iic.o(.text) refers to stm32f10x_gpio.o(.text) for GPIO_Init
    adxl345.o(.text) refers to iic.o(.text) for IIC_start
    adxl345.o(.text) refers to delay.o(.text) for delay_ms
    adxl345.o(.text) refers to dflt_clz.o(x$fpl$dflt) for __aeabi_i2d
    adxl345.o(.text) refers to sqrt.o(i.sqrt) for sqrt
    adxl345.o(.text) refers to ddiv.o(x$fpl$ddiv) for __aeabi_ddiv
    adxl345.o(.text) refers to atan.o(i.atan) for atan
    adxl345.o(.text) refers to dmul.o(x$fpl$dmul) for __aeabi_dmul
    adxl345.o(.text) refers to d2f.o(x$fpl$d2f) for __aeabi_d2f
    ds18b20.o(.text) refers to delay.o(.text) for delay_us
    ds18b20.o(.text) refers to stm32f10x_rcc.o(.text) for RCC_APB2PeriphClockCmd
    ds18b20.o(.text) refers to stm32f10x_pwr.o(.text) for PWR_BackupAccessCmd
    ds18b20.o(.text) refers to stm32f10x_bkp.o(.text) for BKP_TamperPinCmd
    ds18b20.o(.text) refers to stm32f10x_gpio.o(.text) for GPIO_Init
    ds18b20.o(.text) refers to fflt_clz.o(x$fpl$fflt) for __aeabi_i2f
    ds18b20.o(.text) refers to f2d.o(x$fpl$f2d) for __aeabi_f2d
    ds18b20.o(.text) refers to dmul.o(x$fpl$dmul) for __aeabi_dmul
    ds18b20.o(.text) refers to dfix.o(x$fpl$dfix) for __aeabi_d2iz
    ds18b20.o(.text) refers to dflt_clz.o(x$fpl$dflt) for __aeabi_i2d
    ds18b20.o(.text) refers to ddiv.o(x$fpl$ddiv) for __aeabi_ddiv
    ds18b20.o(.text) refers to d2f.o(x$fpl$d2f) for __aeabi_d2f
    ds18b20.o(.text) refers to frleqf.o(x$fpl$frleqf) for __aeabi_cfrcmple
    adc.o(.text) refers to stm32f10x_rcc.o(.text) for RCC_APB2PeriphClockCmd
    adc.o(.text) refers to stm32f10x_gpio.o(.text) for GPIO_Init
    adc.o(.text) refers to stm32f10x_adc.o(.text) for ADC_DeInit
    adc.o(.text) refers to delay.o(.text) for delay_ms
    gps.o(.text) refers to stm32f10x_usart.o(.text) for USART_GetITStatus
    gps.o(.text) refers to rt_memclr.o(.text) for __aeabi_memclr
    gps.o(.text) refers to rt_memcpy_v6.o(.text) for __aeabi_memcpy
    gps.o(.text) refers to strstr.o(.text) for strstr
    gps.o(.text) refers to atof.o(i.atof) for atof
[...]
    fac_us                                   0x20000060   Data           1  delay.o(.data)
    fac_ms                                   0x20000062   Data           2  delay.o(.data)
    .data                                    0x20000064   Section        6  usart.o(.data)
    .data                                    0x2000006a   Section       20  stm32f10x_rcc.o(.data)
    APBAHBPrescTable                         0x2000006a   Data          16  stm32f10x_rcc.o(.data)
    ADCPrescTable                            0x2000007a   Data           4  stm32f10x_rcc.o(.data)
    .bss                                     0x20000080   Section     1152  oled.o(.bss)
    .bss                                     0x20000500   Section      321  gps.o(.bss)
    .bss                                     0x20000644   Section     4000  max30102_read.o(.bss)
    .bss                                     0x200015e4   Section     5984  algorithm.o(.bss)
    an_dx                                    0x200015e4   Data        1984  algorithm.o(.bss)
    an_x                                     0x20001da4   Data        2000  algorithm.o(.bss)
    an_y                                     0x20002574   Data        2000  algorithm.o(.bss)
    .bss                                     0x20002d44   Section      240  lot.o(.bss)
    .bss                                     0x20002e34   Section      500  usart.o(.bss)
    .bss                                     0x20003028   Section      228  rand.o(.bss)
    .bss                                     0x2000310c   Section       96  libspace.o(.bss)
    HEAP                                     0x20003170   Section      512  startup_stm32f10x_hd.o(HEAP)
    Heap_Mem                                 0x20003170   Data         512  startup_stm32f10x_hd.o(HEAP)
    STACK                                    0x20003370   Section     1024  startup_stm32f10x_hd.o(STACK)
    Stack_Mem                                0x20003370   Data        1024  startup_stm32f10x_hd.o(STACK)
    __initial_sp                             0x20003770   Data           0  startup_stm32f10x_hd.o(STACK)

    Global Symbols

    Symbol Name                              Value     Ov Type        Size  Object(Section)

    BuildAttributes$$THM_ISAv4$P$D$K$B$S$PE$A:L22UL41UL21$X:L11$S22US41US21$IEEE1$IW$USESV6$~STKCKD$USESV7$~SHL$OTIME$ROPI$IEEEX$EBA8$UX$STANDARDLIB$REQ8$PRES8$EABIv2 0x00000000   Number         0  anon$$obj.o ABSOLUTE
    __ARM_use_no_argv                        0x00000000   Number         0  main.o ABSOLUTE
    _printf_flags                            0x00000000   Number         0  printf_stubs.o ABSOLUTE
    _printf_return_value                     0x00000000   Number         0  printf_stubs.o ABSOLUTE
    _printf_sizespec                         0x00000000   Number         0  printf_stubs.o ABSOLUTE
    _printf_widthprec                        0x00000000   Number         0  printf_stubs.o ABSOLUTE
    __ARM_exceptions_init                     - Undefined Weak Reference
    __alloca_initialize                       - Undefined Weak Reference
    __arm_fini_                               - Undefined Weak Reference
    __arm_preinit_                            - Undefined Weak Reference
    __cpp_initialize__aeabi_                  - Undefined Weak Reference
    __cxa_finalize                            - Undefined Weak Reference
    __sigvec_lookup                           - Undefined Weak Reference
    _atexit_init                              - Undefined Weak Reference
    _call_atexit_fns                          - Undefined Weak Reference
    _clock_init                               - Undefined Weak Reference
    _fp_trap_init                             - Undefined Weak Reference
    _fp_trap_shutdown                         - Undefined Weak Reference
    _get_lc_collate                           - Undefined Weak Reference
    _get_lc_monetary                          - Undefined Weak Reference
    _get_lc_time                              - Undefined Weak Reference
    _getenv_init                              - Undefined Weak Reference
    _handle_redirection                       - Undefined Weak Reference
    _init_alloc                               - Undefined Weak Reference
    _init_user_alloc                          - Undefined Weak Reference
    _initio                                   - Undefined Weak Reference
    _printf_mbtowc                            - Undefined Weak Reference
    _printf_post_padding                      - Undefined Weak Reference
    _printf_pre_padding                       - Undefined Weak Reference
    _printf_truncate_signed                   - Undefined Weak Reference
    _printf_truncate_unsigned                 - Undefined Weak Reference
    _scanf_longlong                           - Undefined Weak Reference
    _scanf_mbtowc                             - Undefined Weak Reference
    _scanf_wctomb                             - Undefined Weak Reference
    _scanf_wstring                            - Undefined Weak Reference
    _signal_finish                            - Undefined Weak Reference
    _signal_init                              - Undefined Weak Reference
    _terminate_alloc                          - Undefined Weak Reference
    _terminate_user_alloc                     - Undefined Weak Reference
    _terminateio                              - Undefined Weak Reference
    __Vectors_Size                           0x00000130   Number         0  startup_stm32f10x_hd.o ABSOLUTE
    __Vectors                                0x08000000   Data           4  startup_stm32f10x_hd.o(RESET)
    __Vectors_End                            0x08000130   Data           0  startup_stm32f10x_hd.o(RESET)
    __main                                   0x08000131   Thumb Code     8  __main.o(!!!main)
    __scatterload                            0x08000139   Thumb Code     0  __scatter.o(!!!scatter)
    __scatterload_rt2                        0x08000139   Thumb Code    44  __scatter.o(!!!scatter)
    __scatterload_rt2_thumb_only             0x08000139   Thumb Code     0  __scatter.o(!!!scatter)
    __scatterload_null                       0x08000147   Thumb Code     0  __scatter.o(!!!scatter)
    __scatterload_copy                       0x0800016d   Thumb Code    26  __scatter_copy.o(!!handler_copy)
    __scatterload_zeroinit                   0x08000189   Thumb Code    28  __scatter_zi.o(!!handler_zi)
    _printf_f                                0x080001a5   Thumb Code     0  _printf_f.o(.ARM.Collect$$_printf_percent$$00000003)
    _printf_percent                          0x080001a5   Thumb Code     0  _printf_percent.o(.ARM.Collect$$_printf_percent$$00000000)
    _printf_d                                0x080001ab   Thumb Code     0  _printf_d.o(.ARM.Collect$$_printf_percent$$00000009)
    _printf_s                                0x080001b1   Thumb Code     0  _printf_s.o(.ARM.Collect$$_printf_percent$$00000014)
    _printf_percent_end                      0x080001b7   Thumb Code     0  _printf_percent_end.o(.ARM.Collect$$_printf_percent$$00000017)
    __rt_lib_init                            0x080001bb   Thumb Code     0  libinit.o(.ARM.Collect$$libinit$$00000000)
    __rt_lib_init_fp_1                       0x080001bd   Thumb Code     0  libinit2.o(.ARM.Collect$$libinit$$00000002)
    __rt_lib_init_heap_1                     0x080001bd   Thumb Code     0  libinit2.o(.ARM.Collect$$libinit$$0000000A)
    __rt_lib_init_preinit_1                  0x080001bd   Thumb Code     0  libinit2.o(.ARM.Collect$$libinit$$00000004)
    __rt_lib_init_rand_2                     0x080001bd   Thumb Code     0  libinit2.o(.ARM.Collect$$libinit$$0000000D)
    __rt_lib_init_user_alloc_1               0x080001bd   Thumb Code     0  libinit2.o(.ARM.Collect$$libinit$$0000000C)
    __rt_lib_init_lc_common                  0x080001c1   Thumb Code     0  libinit2.o(.ARM.Collect$$libinit$$0000000F)
    __rt_lib_init_rand_1                     0x080001c1   Thumb Code     0  libinit2.o(.ARM.Collect$$libinit$$0000000E)
    __rt_lib_init_lc_collate_1               0x080001c7   Thumb Code     0  libinit2.o(.ARM.Collect$$libinit$$00000011)
    __rt_lib_init_lc_ctype_2                 0x080001c7   Thumb Code     0  libinit2.o(.ARM.Collect$$libinit$$00000012)
    __rt_lib_init_lc_ctype_1                 0x080001d3   Thumb Code     0  libinit2.o(.ARM.Collect$$libinit$$00000013)
    __rt_lib_init_lc_monetary_1              0x080001d3   Thumb Code     0  libinit2.o(.ARM.Collect$$libinit$$00000015)
    __rt_lib_init_lc_numeric_2               0x080001d3   Thumb Code     0  libinit2.o(.ARM.Collect$$libinit$$00000016)
    __rt_lib_init_alloca_1                   0x080001dd   Thumb Code     0  libinit2.o(.ARM.Collect$$libinit$$0000002E)
    __rt_lib_init_argv_1                     0x080001dd   Thumb Code     0  libinit2.o(.ARM.Collect$$libinit$$0000002C)
    __rt_lib_init_atexit_1                   0x080001dd   Thumb Code     0  libinit2.o(.ARM.Collect$$libinit$$0000001B)
    __rt_lib_init_clock_1                    0x080001dd   Thumb Code     0  libinit2.o(.ARM.Collect$$libinit$$00000021)
    __rt_lib_init_cpp_1                      0x080001dd   Thumb Code     0  libinit2.o(.ARM.Collect$$libinit$$00000032)
    __rt_lib_init_exceptions_1               0x080001dd   Thumb Code     0  libinit2.o(.ARM.Collect$$libinit$$00000030)
    __rt_lib_init_fp_trap_1                  0x080001dd   Thumb Code     0  libinit2.o(.ARM.Collect$$libinit$$0000001F)
    __rt_lib_init_getenv_1                   0x080001dd   Thumb Code     0  libinit2.o(.ARM.Collect$$libinit$$00000023)
    __rt_lib_init_lc_numeric_1               0x080001dd   Thumb Code     0  libinit2.o(.ARM.Collect$$libinit$$00000017)
    __rt_lib_init_lc_time_1                  0x080001dd   Thumb Code     0  libinit2.o(.ARM.Collect$$libinit$$00000019)
    __rt_lib_init_return                     0x080001dd   Thumb Code     0  libinit2.o(.ARM.Collect$$libinit$$00000033)
    __rt_lib_init_signal_1                   0x080001dd   Thumb Code     0  libinit2.o(.ARM.Collect$$libinit$$0000001D)
    __rt_lib_init_stdio_1                    0x080001dd   Thumb Code     0  libinit2.o(.ARM.Collect$$libinit$$00000025)
    __rt_lib_shutdown                        0x080001df   Thumb Code     0  libshutdown.o(.ARM.Collect$$libshutdown$$00000000)
    __rt_lib_shutdown_cpp_1                  0x080001e1   Thumb Code     0  libshutdown2.o(.ARM.Collect$$libshutdown$$00000004)
    __rt_lib_shutdown_fini_1                 0x080001e1   Thumb Code     0  libshutdown2.o(.ARM.Collect$$libshutdown$$00000002)
    __rt_lib_shutdown_fp_trap_1              0x080001e1   Thumb Code     0  libshutdown2.o(.ARM.Collect$$libshutdown$$00000009)
    __rt_lib_shutdown_heap_1                 0x080001e1   Thumb Code     0  libshutdown2.o(.ARM.Collect$$libshutdown$$00000011)
    __rt_lib_shutdown_return                 0x080001e1   Thumb Code     0  libshutdown2.o(.ARM.Collect$$libshutdown$$00000012)
    __rt_lib_shutdown_signal_1               0x080001e1   Thumb Code     0  libshutdown2.o(.ARM.Collect$$libshutdown$$0000000C)
    __rt_lib_shutdown_stdio_1                0x080001e1   Thumb Code     0  libshutdown2.o(.ARM.Collect$$libshutdown$$00000006)
    __rt_lib_shutdown_user_alloc_1           0x080001e1   Thumb Code     0  libshutdown2.o(.ARM.Collect$$libshutdown$$0000000E)
    __rt_entry                               0x080001e3   Thumb Code     0  __rtentry.o(.ARM.Collect$$rtentry$$00000000)
    __rt_entry_presh_1                       0x080001e3   Thumb Code     0  __rtentry2.o(.ARM.Collect$$rtentry$$00000002)
    __rt_entry_sh                            0x080001e3   Thumb Code     0  __rtentry4.o(.ARM.Collect$$rtentry$$00000004)
    __rt_entry_li                            0x080001e9   Thumb Code     0  __rtentry2.o(.ARM.Collect$$rtentry$$0000000A)
    __rt_entry_postsh_1                      0x080001e9   Thumb Code     0  __rtentry2.o(.ARM.Collect$$rtentry$$00000009)
    __rt_entry_main                          0x080001ed   Thumb Code     0  __rtentry2.o(.ARM.Collect$$rtentry$$0000000D)
    __rt_entry_postli_1                      0x080001ed   Thumb Code     0  __rtentry2.o(.ARM.Collect$$rtentry$$0000000C)
    __rt_exit                                0x080001f5   Thumb Code     0  rtexit.o(.ARM.Collect$$rtexit$$00000000)
    __rt_exit_ls                             0x080001f7   Thumb Code     0  rtexit2.o(.ARM.Collect$$rtexit$$00000003)
    __rt_exit_prels_1                        0x080001f7   Thumb Code     0  rtexit2.o(.ARM.Collect$$rtexit$$00000002)
    __rt_exit_exit                           0x080001fb   Thumb Code     0  rtexit2.o(.ARM.Collect$$rtexit$$00000004)
    rand                                     0x08000201   Thumb Code    48  rand.o(.emb_text)
    sys_state_diplay                         0x08000235   Thumb Code   266  main.o(.text)
    sys_state_report                         0x0800033f   Thumb Code   122  main.o(.text)
    beep_alarm_ctrl                          0x080003b9   Thumb Code   228  main.o(.text)
    check_step_cnt                           0x0800049d   Thumb Code    88  main.o(.text)
    main                                     0x080004f5   Thumb Code   116  main.o(.text)
    app_data_analyze                         0x08000569   Thumb Code   126  main.o(.text)
    NMI_Handler                              0x080006c5   Thumb Code     2  stm32f10x_it.o(.text)
    HardFault_Handler                        0x080006c7   Thumb Code     4  stm32f10x_it.o(.text)
    MemManage_Handler                        0x080006cb   Thumb Code     4  stm32f10x_it.o(.text)
    BusFault_Handler                         0x080006cf   Thumb Code     4  stm32f10x_it.o(.text)
    UsageFault_Handler                       0x080006d3   Thumb Code     4  stm32f10x_it.o(.text)
    SVC_Handler                              0x080006d7   Thumb Code     2  stm32f10x_it.o(.text)
    DebugMon_Handler                         0x080006d9   Thumb Code     2  stm32f10x_it.o(.text)
    PendSV_Handler                           0x080006db   Thumb Code     2  stm32f10x_it.o(.text)
    SysTick_Handler                          0x080006dd   Thumb Code     2  stm32f10x_it.o(.text)
    SystemInit                               0x080007bf   Thumb Code    78  system_stm32f10x.o(.text)
    SystemCoreClockUpdate                    0x0800080d   Thumb Code   142  system_stm32f10x.o(.text)
    IIC_delay                                0x080008c1   Thumb Code    16  oled.o(.text)
    I2C_Stop                                 0x080008d1   Thumb Code    32  oled.o(.text)
    I2C_WaitAck                              0x080008f1   Thumb Code    40  oled.o(.text)
    Send_Byte                                0x08000919   Thumb Code    70  oled.o(.text)
    I2C_Start                                0x0800095f   Thumb Code    48  oled.o(.text)
    OLED_WR_Byte                             0x0800098f   Thumb Code    56  oled.o(.text)
    OLED_ColorTurn                           0x080009c7   Thumb Code    28  oled.o(.text)
    OLED_DisplayTurn                         0x080009e3   Thumb Code    44  oled.o(.text)
    OLED_DisPlay_On                          0x08000a0f   Thumb Code    28  oled.o(.text)
    OLED_DisPlay_Off                         0x08000a2b   Thumb Code    28  oled.o(.text)
    OLED_Refresh                             0x08000a47   Thumb Code   100  oled.o(.text)
    OLED_Clear                               0x08000aab   Thumb Code    36  oled.o(.text)
    OLED_DrawPoint                           0x08000acf   Thumb Code   126  oled.o(.text)
    OLED_DrawLine                            0x08000b4d   Thumb Code   172  oled.o(.text)
    OLED_DrawCircle                          0x08000bf9   Thumb Code   168  oled.o(.text)
    OLED_ShowChar                            0x08000ca1   Thumb Code   288  oled.o(.text)
    OLED_ShowString                          0x08000dc1   Thumb Code    74  oled.o(.text)
    OLED_Pow                                 0x08000e0b   Thumb Code    22  oled.o(.text)
    OLED_ShowNum                             0x08000e21   Thumb Code   140  oled.o(.text)
    OLED_ShowChinese                         0x08000ead   Thumb Code   244  oled.o(.text)
    OLED_ScrollDisplay                       0x08000fa1   Thumb Code   168  oled.o(.text)
    OLED_ShowPicture                         0x08001049   Thumb Code   248  oled.o(.text)
    OLED_Init                                0x08001141   Thumb Code   268  oled.o(.text)
    BEEP_Init                                0x08001251   Thumb Code    44  beep.o(.text)
    Set_IIC_SDA_OUT                          0x08001293   Thumb Code    40  iic.o(.text)
    Set_IIC_SDA_IN                           0x080012bb   Thumb Code    34  iic.o(.text)
    IIC_stop                                 0x080012dd   Thumb Code    38  iic.o(.text)
    IIC_init                                 0x08001303   Thumb Code    60  iic.o(.text)
    IIC_start                                0x0800133f   Thumb Code    54  iic.o(.text)
    IIC_ack                                  0x08001375   Thumb Code    60  iic.o(.text)
    IIC_noack                                0x080013b1   Thumb Code    50  iic.o(.text)
    IIC_wait_ack                             0x080013e3   Thumb Code    68  iic.o(.text)
    IIC_send_byte                            0x08001427   Thumb Code    98  iic.o(.text)
    IIC_read_byte                            0x08001489   Thumb Code    86  iic.o(.text)
    ADXL345_write_reg                        0x080014e5   Thumb Code    66  adxl345.o(.text)
    ADXL345_init                             0x08001527   Thumb Code    66  adxl345.o(.text)
    ADXL345_read_reg                         0x08001569   Thumb Code    78  adxl345.o(.text)
    ADXL345_read_data                        0x080015b7   Thumb Code   142  adxl345.o(.text)
    ADXL345_read_average                     0x08001645   Thumb Code   130  adxl345.o(.text)
    Get_Gngle                                0x080016c7   Thumb Code   288  adxl345.o(.text)
    DS18B20_Rst                              0x080017f5   Thumb Code    54  ds18b20.o(.text)
    DS18B20_Check                            0x0800182b   Thumb Code    96  ds18b20.o(.text)
    DS18B20_Read_Bit                         0x0800188b   Thumb Code    96  ds18b20.o(.text)
    DS18B20_Read_Byte                        0x080018eb   Thumb Code    34  ds18b20.o(.text)
    DS18B20_Write_Byte                       0x0800190d   Thumb Code   102  ds18b20.o(.text)
    DS18B20_Start                            0x08001973   Thumb Code    24  ds18b20.o(.text)
    DS18B20_Init                             0x0800198b   Thumb Code    80  ds18b20.o(.text)
    DS18B20_Get_Temp                         0x080019db   Thumb Code   160  ds18b20.o(.text)
    USART2_IRQHandler                        0x08001a95   Thumb Code   134  gps.o(.text)
    parse_gps_msg                            0x08001b1b   Thumb Code   362  gps.o(.text)
    max30102_Bus_Write                       0x08001fc9   Thumb Code    68  max30102.o(.text)
    max30102_Bus_Read                        0x0800200d   Thumb Code    82  max30102.o(.text)
    max30102_FIFO_ReadWords                  0x0800205f   Thumb Code   182  max30102.o(.text)
    max30102_FIFO_ReadBytes                  0x08002115   Thumb Code   128  max30102.o(.text)
    max30102_reset                           0x08002195   Thumb Code    20  max30102.o(.text)
    MAX30102_Init                            0x080021a9   Thumb Code   144  max30102.o(.text)
    maxim_max30102_write_reg                 0x08002239   Thumb Code    18  max30102.o(.text)
    maxim_max30102_read_reg                  0x0800224b   Thumb Code    18  max30102.o(.text)
    maxim_max30102_read_fifo                 0x0800225d   Thumb Code   124  max30102.o(.text)
    ReadHeartRateSpO2                        0x080022e1   Thumb Code   410  max30102_read.o(.text)
    maxim_sort_ascend                        0x080024ad   Thumb Code    54  algorithm.o(.text)
    maxim_sort_indices_descend               0x080024e3   Thumb Code    64  algorithm.o(.text)
    maxim_remove_close_peaks                 0x08002523   Thumb Code   114  algorithm.o(.text)
    maxim_peaks_above_min_height             0x08002595   Thumb Code   122  algorithm.o(.text)
    maxim_find_peaks                         0x0800260f   Thumb Code    66  algorithm.o(.text)
    maxim_heart_rate_and_oxygen_saturation   0x08002651   Thumb Code  1272  algorithm.o(.text)
    lot_gpio_reset_init                      0x08002b51   Thumb Code    76  lot.o(.text)
    lot_order_config                         0x08002b9d   Thumb Code    86  lot.o(.text)
    lot_init                                 0x08002bf3   Thumb Code   162  lot.o(.text)
    lot_ack_check                            0x08002c95   Thumb Code    24  lot.o(.text)
    lot_send_data                            0x08002cad   Thumb Code    62  lot.o(.text)
    delay_init                               0x08002e85   Thumb Code    50  delay.o(.text)
    delay_us                                 0x08002eb7   Thumb Code    72  delay.o(.text)
    delay_ms                                 0x08002eff   Thumb Code    72  delay.o(.text)
    _sys_exit                                0x08002f59   Thumb Code     6  usart.o(.text)
    fputc                                    0x08002f5f   Thumb Code    24  usart.o(.text)
    uart_init                                0x08002f77   Thumb Code   152  usart.o(.text)
    usart_send_buff                          0x0800300f   Thumb Code   100  usart.o(.text)
    USART1_IRQHandler                        0x08003073   Thumb Code   146  usart.o(.text)
    uart2_init                               0x08003105   Thumb Code   154  usart.o(.text)
    usart2_send_buff                         0x0800319f   Thumb Code   100  usart.o(.text)
    uart3_init                               0x08003203   Thumb Code   108  usart.o(.text)
    usart3_send_buff                         0x0800326f   Thumb Code    56  usart.o(.text)
    Reset_Handler                            0x080032c5   Thumb Code     8  startup_stm32f10x_hd.o(.text)
    ADC1_2_IRQHandler                        0x080032df   Thumb Code     0  startup_stm32f10x_hd.o(.text)
    ADC3_IRQHandler                          0x080032df   Thumb Code     0  startup_stm32f10x_hd.o(.text)
    CAN1_RX1_IRQHandler                      0x080032df   Thumb Code     0  startup_stm32f10x_hd.o(.text)
    CAN1_SCE_IRQHandler                      0x080032df   Thumb Code     0  startup_stm32f10x_hd.o(.text)
    DMA1_Channel1_IRQHandler                 0x080032df   Thumb Code     0  startup_stm32f10x_hd.o(.text)
    DMA1_Channel2_IRQHandler                 0x080032df   Thumb Code     0  startup_stm32f10x_hd.o(.text)
    DMA1_Channel3_IRQHandler                 0x080032df   Thumb Code     0  startup_stm32f10x_hd.o(.text)
    DMA1_Channel4_IRQHandler                 0x080032df   Thumb Code     0  startup_stm32f10x_hd.o(.text)
    DMA1_Channel5_IRQHandler                 0x080032df   Thumb Code     0  startup_stm32f10x_hd.o(.text)
    DMA1_Channel6_IRQHandler                 0x080032df   Thumb Code     0  startup_stm32f10x_hd.o(.text)
    DMA1_Channel7_IRQHandler                 0x080032df   Thumb Code     0  startup_stm32f10x_hd.o(.text)
    DMA2_Channel1_IRQHandler                 0x080032df   Thumb Code     0  startup_stm32f10x_hd.o(.text)
    DMA2_Channel2_IRQHandler                 0x080032df   Thumb Code     0  startup_stm32f10x_hd.o(.text)
    DMA2_Channel3_IRQHandler                 0x080032df   Thumb Code     0  startup_stm32f10x_hd.o(.text)
    DMA2_Channel4_5_IRQHandler               0x080032df   Thumb Code     0  startup_stm32f10x_hd.o(.text)
    EXTI0_IRQHandler                         0x080032df   Thumb Code     0  startup_stm32f10x_hd.o(.text)
    EXTI15_10_IRQHandler                     0x080032df   Thumb Code     0  startup_stm32f10x_hd.o(.text)
    EXTI1_IRQHandler                         0x080032df   Thumb Code     0  startup_stm32f10x_hd.o(.text)
    EXTI2_IRQHandler                         0x080032df   Thumb Code     0  startup_stm32f10x_hd.o(.text)
    EXTI3_IRQHandler                         0x080032df   Thumb Code     0  startup_stm32f10x_hd.o(.text)
    EXTI4_IRQHandler                         0x080032df   Thumb Code     0  startup_stm32f10x_hd.o(.text)
    EXTI9_5_IRQHandler                       0x080032df   Thumb Code     0  startup_stm32f10x_hd.o(.text)
    FLASH_IRQHandler                         0x080032df   Thumb Code     0  startup_stm32f10x_hd.o(.text)
    FSMC_IRQHandler                          0x080032df   Thumb Code     0  startup_stm32f10x_hd.o(.text)
    I2C1_ER_IRQHandler                       0x080032df   Thumb Code     0  startup_stm32f10x_hd.o(.text)
    I2C1_EV_IRQHandler                       0x080032df   Thumb Code     0  startup_stm32f10x_hd.o(.text)
    I2C2_ER_IRQHandler                       0x080032df   Thumb Code     0  startup_stm32f10x_hd.o(.text)
    I2C2_EV_IRQHandler                       0x080032df   Thumb Code     0  startup_stm32f10x_hd.o(.text)
    PVD_IRQHandler                           0x080032df   Thumb Code     0  startup_stm32f10x_hd.o(.text)
    RCC_IRQHandler                           0x080032df   Thumb Code     0  startup_stm32f10x_hd.o(.text)
    RTCAlarm_IRQHandler                      0x080032df   Thumb Code     0  startup_stm32f10x_hd.o(.text)
    RTC_IRQHandler                           0x080032df   Thumb Code     0  startup_stm32f10x_hd.o(.text)
    SDIO_IRQHandler                          0x080032df   Thumb Code     0  startup_stm32f10x_hd.o(.text)
    SPI1_IRQHandler                          0x080032df   Thumb Code     0  startup_stm32f10x_hd.o(.text)
    SPI2_IRQHandler                          0x080032df   Thumb Code     0  startup_stm32f10x_hd.o(.text)
    SPI3_IRQHandler                          0x080032df   Thumb Code     0  startup_stm32f10x_hd.o(.text)
    TAMPER_IRQHandler                        0x080032df   Thumb Code     0  startup_stm32f10x_hd.o(.text)
    TIM1_BRK_IRQHandler                      0x080032df   Thumb Code     0  startup_stm32f10x_hd.o(.text)
    TIM1_CC_IRQHandler                       0x080032df   Thumb Code     0  startup_stm32f10x_hd.o(.text)
    TIM1_TRG_COM_IRQHandler                  0x080032df   Thumb Code     0  startup_stm32f10x_hd.o(.text)
    TIM1_UP_IRQHandler                       0x080032df   Thumb Code     0  startup_stm32f10x_hd.o(.text)
    TIM2_IRQHandler                          0x080032df   Thumb Code     0  startup_stm32f10x_hd.o(.text)
    TIM3_IRQHandler                          0x080032df   Thumb Code     0  startup_stm32f10x_hd.o(.text)
    TIM4_IRQHandler                          0x080032df   Thumb Code     0  startup_stm32f10x_hd.o(.text)
    TIM5_IRQHandler                          0x080032df   Thumb Code     0  startup_stm32f10x_hd.o(.text)
    TIM6_IRQHandler                          0x080032df   Thumb Code     0  startup_stm32f10x_hd.o(.text)
    TIM7_IRQHandler                          0x080032df   Thumb Code     0  startup_stm32f10x_hd.o(.text)
    TIM8_BRK_IRQHandler                      0x080032df   Thumb Code     0  startup_stm32f10x_hd.o(.text)
    TIM8_CC_IRQHandler                       0x080032df   Thumb Code     0  startup_stm32f10x_hd.o(.text)
    TIM8_TRG_COM_IRQHandler                  0x080032df   Thumb Code     0  startup_stm32f10x_hd.o(.text)
    TIM8_UP_IRQHandler                       0x080032df   Thumb Code     0  startup_stm32f10x_hd.o(.text)
    UART4_IRQHandler                         0x080032df   Thumb Code     0  startup_stm32f10x_hd.o(.text)
    UART5_IRQHandler                         0x080032df   Thumb Code     0  startup_stm32f10x_hd.o(.text)
    USART3_IRQHandler                        0x080032df   Thumb Code     0  startup_stm32f10x_hd.o(.text)
    USBWakeUp_IRQHandler                     0x080032df   Thumb Code     0  startup_stm32f10x_hd.o(.text)
    USB_HP_CAN1_TX_IRQHandler                0x080032df   Thumb Code     0  startup_stm32f10x_hd.o(.text)
    USB_LP_CAN1_RX0_IRQHandler               0x080032df   Thumb Code     0  startup_stm32f10x_hd.o(.text)
    WWDG_IRQHandler                          0x080032df   Thumb Code     0  startup_stm32f10x_hd.o(.text)
    __user_initial_stackheap                 0x080032e1   Thumb Code     0  startup_stm32f10x_hd.o(.text)
    NVIC_PriorityGroupConfig                 0x08003305   Thumb Code    10  misc.o(.text)
    NVIC_Init                                0x0800330f   Thumb Code   100  misc.o(.text)
    NVIC_SetVectorTable                      0x08003373   Thumb Code    14  misc.o(.text)
    NVIC_SystemLPConfig                      0x08003381   Thumb Code    34  misc.o(.text)
    SysTick_CLKSourceConfig                  0x080033a3   Thumb Code    40  misc.o(.text)
    GPIO_DeInit                              0x080033e1   Thumb Code   172  stm32f10x_gpio.o(.text)
    GPIO_AFIODeInit                          0x0800348d   Thumb Code    20  stm32f10x_gpio.o(.text)
    GPIO_Init                                0x080034a1   Thumb Code   278  stm32f10x_gpio.o(.text)
    GPIO_StructInit                          0x080035b7   Thumb Code    16  stm32f10x_gpio.o(.text)
    GPIO_ReadInputDataBit                    0x080035c7   Thumb Code    18  stm32f10x_gpio.o(.text)
    GPIO_ReadInputData                       0x080035d9   Thumb Code     8  stm32f10x_gpio.o(.text)
    GPIO_ReadOutputDataBit                   0x080035e1   Thumb Code    18  stm32f10x_gpio.o(.text)
    GPIO_ReadOutputData                      0x080035f3   Thumb Code     8  stm32f10x_gpio.o(.text)
    GPIO_SetBits                             0x080035fb   Thumb Code     4  stm32f10x_gpio.o(.text)
    GPIO_ResetBits                           0x080035ff   Thumb Code     4  stm32f10x_gpio.o(.text)
    GPIO_WriteBit                            0x08003603   Thumb Code    10  stm32f10x_gpio.o(.text)
    GPIO_Write                               0x0800360d   Thumb Code     4  stm32f10x_gpio.o(.text)
    GPIO_PinLockConfig                       0x08003611   Thumb Code    18  stm32f10x_gpio.o(.text)
    GPIO_EventOutputConfig                   0x08003623   Thumb Code    26  stm32f10x_gpio.o(.text)
    GPIO_EventOutputCmd                      0x0800363d   Thumb Code     6  stm32f10x_gpio.o(.text)
    GPIO_PinRemapConfig                      0x08003643   Thumb Code   138  stm32f10x_gpio.o(.text)
    GPIO_EXTILineConfig                      0x080036cd   Thumb Code    66  stm32f10x_gpio.o(.text)
    GPIO_ETH_MediaInterfaceConfig            0x0800370f   Thumb Code     8  stm32f10x_gpio.o(.text)
    USART_DeInit                             0x0800373d   Thumb Code   134  stm32f10x_usart.o(.text)
    USART_Init                               0x080037c3   Thumb Code   210  stm32f10x_usart.o(.text)
    USART_StructInit                         0x08003895   Thumb Code    24  stm32f10x_usart.o(.text)
    USART_ClockInit                          0x080038ad   Thumb Code    34  stm32f10x_usart.o(.text)
    USART_ClockStructInit                    0x080038cf   Thumb Code    12  stm32f10x_usart.o(.text)
    USART_Cmd                                0x080038db   Thumb Code    24  stm32f10x_usart.o(.text)
    USART_ITConfig                           0x080038f3   Thumb Code    74  stm32f10x_usart.o(.text)
    USART_DMACmd                             0x0800393d   Thumb Code    18  stm32f10x_usart.o(.text)
    USART_SetAddress                         0x0800394f   Thumb Code    18  stm32f10x_usart.o(.text)
    USART_WakeUpConfig                       0x08003961   Thumb Code    18  stm32f10x_usart.o(.text)
    USART_ReceiverWakeUpCmd                  0x08003973   Thumb Code    24  stm32f10x_usart.o(.text)
    USART_LINBreakDetectLengthConfig         0x0800398b   Thumb Code    18  stm32f10x_usart.o(.text)
    USART_LINCmd                             0x0800399d   Thumb Code    24  stm32f10x_usart.o(.text)
    USART_SendData                           0x080039b5   Thumb Code     8  stm32f10x_usart.o(.text)
    USART_ReceiveData                        0x080039bd   Thumb Code    10  stm32f10x_usart.o(.text)
    USART_SendBreak                          0x080039c7   Thumb Code    10  stm32f10x_usart.o(.text)
    USART_SetGuardTime                       0x080039d1   Thumb Code    16  stm32f10x_usart.o(.text)
    USART_SetPrescaler                       0x080039e1   Thumb Code    16  stm32f10x_usart.o(.text)
    USART_SmartCardCmd                       0x080039f1   Thumb Code    24  stm32f10x_usart.o(.text)
    USART_SmartCardNACKCmd                   0x08003a09   Thumb Code    24  stm32f10x_usart.o(.text)
    USART_HalfDuplexCmd                      0x08003a21   Thumb Code    24  stm32f10x_usart.o(.text)
    USART_OverSampling8Cmd                   0x08003a39   Thumb Code    22  stm32f10x_usart.o(.text)
    USART_OneBitMethodCmd                    0x08003a4f   Thumb Code    24  stm32f10x_usart.o(.text)
    USART_IrDAConfig                         0x08003a67   Thumb Code    18  stm32f10x_usart.o(.text)
    USART_IrDACmd                            0x08003a79   Thumb Code    24  stm32f10x_usart.o(.text)
    USART_GetFlagStatus                      0x08003a91   Thumb Code    26  stm32f10x_usart.o(.text)
    USART_ClearFlag                          0x08003aab   Thumb Code    18  stm32f10x_usart.o(.text)
    USART_GetITStatus                        0x08003abd   Thumb Code    84  stm32f10x_usart.o(.text)
    USART_ClearITPendingBit                  0x08003b11   Thumb Code    52  stm32f10x_usart.o(.text)
    RCC_DeInit                               0x08003b45   Thumb Code    64  stm32f10x_rcc.o(.text)
    RCC_HSEConfig                            0x08003b85   Thumb Code    70  stm32f10x_rcc.o(.text)
    RCC_GetFlagStatus                        0x08003bcb   Thumb Code    56  stm32f10x_rcc.o(.text)
    RCC_WaitForHSEStartUp                    0x08003c03   Thumb Code    56  stm32f10x_rcc.o(.text)
    RCC_AdjustHSICalibrationValue            0x08003c3b   Thumb Code    20  stm32f10x_rcc.o(.text)
    RCC_HSICmd                               0x08003c4f   Thumb Code     6  stm32f10x_rcc.o(.text)
    RCC_PLLConfig                            0x08003c55   Thumb Code    24  stm32f10x_rcc.o(.text)
    RCC_PLLCmd                               0x08003c6d   Thumb Code     6  stm32f10x_rcc.o(.text)
    RCC_SYSCLKConfig                         0x08003c73   Thumb Code    18  stm32f10x_rcc.o(.text)
    RCC_GetSYSCLKSource                      0x08003c85   Thumb Code    10  stm32f10x_rcc.o(.text)
    RCC_HCLKConfig                           0x08003c8f   Thumb Code    18  stm32f10x_rcc.o(.text)
    RCC_PCLK1Config                          0x08003ca1   Thumb Code    18  stm32f10x_rcc.o(.text)
    RCC_PCLK2Config                          0x08003cb3   Thumb Code    20  stm32f10x_rcc.o(.text)
    RCC_ITConfig                             0x08003cc7   Thumb Code    26  stm32f10x_rcc.o(.text)
    RCC_USBCLKConfig                         0x08003ce1   Thumb Code     8  stm32f10x_rcc.o(.text)
    RCC_ADCCLKConfig                         0x08003ce9   Thumb Code    18  stm32f10x_rcc.o(.text)
    RCC_LSEConfig                            0x08003cfb   Thumb Code    50  stm32f10x_rcc.o(.text)
    RCC_LSICmd                               0x08003d2d   Thumb Code     6  stm32f10x_rcc.o(.text)
    RCC_RTCCLKConfig                         0x08003d33   Thumb Code    12  stm32f10x_rcc.o(.text)
    RCC_RTCCLKCmd                            0x08003d3f   Thumb Code     8  stm32f10x_rcc.o(.text)
    RCC_GetClocksFreq                        0x08003d47   Thumb Code   192  stm32f10x_rcc.o(.text)
    RCC_AHBPeriphClockCmd                    0x08003e07   Thumb Code    26  stm32f10x_rcc.o(.text)
    RCC_APB2PeriphClockCmd                   0x08003e21   Thumb Code    26  stm32f10x_rcc.o(.text)
    RCC_APB1PeriphClockCmd                   0x08003e3b   Thumb Code    26  stm32f10x_rcc.o(.text)
    RCC_APB2PeriphResetCmd                   0x08003e55   Thumb Code    26  stm32f10x_rcc.o(.text)
    RCC_APB1PeriphResetCmd                   0x08003e6f   Thumb Code    26  stm32f10x_rcc.o(.text)
    RCC_BackupResetCmd                       0x08003e89   Thumb Code     8  stm32f10x_rcc.o(.text)
    RCC_ClockSecuritySystemCmd               0x08003e91   Thumb Code     6  stm32f10x_rcc.o(.text)
    RCC_MCOConfig                            0x08003e97   Thumb Code     6  stm32f10x_rcc.o(.text)
    RCC_ClearFlag                            0x08003e9d   Thumb Code    14  stm32f10x_rcc.o(.text)
    RCC_GetITStatus                          0x08003eab   Thumb Code    20  stm32f10x_rcc.o(.text)
    RCC_ClearITPendingBit                    0x08003ebf   Thumb Code     6  stm32f10x_rcc.o(.text)
    BKP_DeInit                               0x08003ee9   Thumb Code    16  stm32f10x_bkp.o(.text)
    BKP_TamperPinLevelConfig                 0x08003ef9   Thumb Code     6  stm32f10x_bkp.o(.text)
    BKP_TamperPinCmd                         0x08003eff   Thumb Code     8  stm32f10x_bkp.o(.text)
    BKP_ITConfig                             0x08003f07   Thumb Code     8  stm32f10x_bkp.o(.text)
    BKP_RTCOutputConfig                      0x08003f0f   Thumb Code    22  stm32f10x_bkp.o(.text)
    BKP_SetRTCCalibrationValue               0x08003f25   Thumb Code    22  stm32f10x_bkp.o(.text)
    BKP_WriteBackupRegister                  0x08003f3b   Thumb Code    24  stm32f10x_bkp.o(.text)
    BKP_ReadBackupRegister                   0x08003f53   Thumb Code    26  stm32f10x_bkp.o(.text)
    BKP_GetFlagStatus                        0x08003f6d   Thumb Code    10  stm32f10x_bkp.o(.text)
    BKP_ClearFlag                            0x08003f77   Thumb Code    18  stm32f10x_bkp.o(.text)
    BKP_GetITStatus                          0x08003f89   Thumb Code    10  stm32f10x_bkp.o(.text)
    BKP_ClearITPendingBit                    0x08003f93   Thumb Code    18  stm32f10x_bkp.o(.text)
    PWR_DeInit                               0x08003fad   Thumb Code    22  stm32f10x_pwr.o(.text)
    PWR_BackupAccessCmd                      0x08003fc3   Thumb Code     6  stm32f10x_pwr.o(.text)
    PWR_PVDCmd                               0x08003fc9   Thumb Code     6  stm32f10x_pwr.o(.text)
    PWR_PVDLevelConfig                       0x08003fcf   Thumb Code    18  stm32f10x_pwr.o(.text)
    PWR_WakeUpPinCmd                         0x08003fe1   Thumb Code     8  stm32f10x_pwr.o(.text)
    PWR_EnterSTOPMode                        0x08003fe9   Thumb Code    54  stm32f10x_pwr.o(.text)
    PWR_EnterSTANDBYMode                     0x0800401f   Thumb Code    42  stm32f10x_pwr.o(.text)
    PWR_GetFlagStatus                        0x08004049   Thumb Code    20  stm32f10x_pwr.o(.text)
    PWR_ClearFlag                            0x0800405d   Thumb Code    14  stm32f10x_pwr.o(.text)
    __use_no_semihosting                     0x08004079   Thumb Code     2  use_no_semi_2.o(.text)
    __2sprintf                               0x0800407d   Thumb Code    34  noretval__2sprintf.o(.text)
    _printf_str                              0x080040a5   Thumb Code    82  _printf_str.o(.text)
    _printf_int_dec                          0x080040f9   Thumb Code   104  _printf_dec.o(.text)
    __printf                                 0x08004171   Thumb Code   270  __printf_wp.o(.text)
    __0sscanf                                0x08004281   Thumb Code    52  __0sscanf.o(.text)
    _scanf_int                               0x080042bd   Thumb Code   332  _scanf_int.o(.text)
    _scanf_string                            0x08004409   Thumb Code   224  _scanf_str.o(.text)
    srand                                    0x080044e9   Thumb Code    42  rand.o(.text)
    _rand_init                               0x08004513   Thumb Code     4  rand.o(.text)
    strstr                                   0x08004525   Thumb Code    36  strstr.o(.text)
    strlen                                   0x08004549   Thumb Code    62  strlen.o(.text)
    __aeabi_memcpy                           0x08004587   Thumb Code     0  rt_memcpy_v6.o(.text)
    __rt_memcpy                              0x08004587   Thumb Code   138  rt_memcpy_v6.o(.text)
    _memcpy_lastbytes                        0x080045ed   Thumb Code     0  rt_memcpy_v6.o(.text)
    __aeabi_memclr                           0x08004611   Thumb Code     0  rt_memclr.o(.text)
    __rt_memclr                              0x08004611   Thumb Code    68  rt_memclr.o(.text)
    _memset                                  0x08004615   Thumb Code     0  rt_memclr.o(.text)
    __aeabi_memclr4                          0x08004655   Thumb Code     0  rt_memclr_w.o(.text)
    __aeabi_memclr8                          0x08004655   Thumb Code     0  rt_memclr_w.o(.text)
    __rt_memclr_w                            0x08004655   Thumb Code    78  rt_memclr_w.o(.text)
    _memset_w                                0x08004659   Thumb Code     0  rt_memclr_w.o(.text)
    __use_two_region_memory                  0x080046a3   Thumb Code     2  heapauxi.o(.text)
    __rt_heap_escrow$2region                 0x080046a5   Thumb Code     2  heapauxi.o(.text)
    __rt_heap_expand$2region                 0x080046a7   Thumb Code     2  heapauxi.o(.text)
    __I$use$semihosting                      0x080046a9   Thumb Code     0  use_no_semi.o(.text)
    __use_no_semihosting_swi                 0x080046a9   Thumb Code     2  use_no_semi.o(.text)
    __read_errno                             0x080046ab   Thumb Code    10  _rserrno.o(.text)
    __set_errno                              0x080046b5   Thumb Code    12  _rserrno.o(.text)
    _printf_int_common                       0x080046c1   Thumb Code   178  _printf_intcommon.o(.text)
    __lib_sel_fp_printf                      0x08004773   Thumb Code     2  _printf_fp_dec.o(.text)
    _printf_fp_dec_real                      0x08004925   Thumb Code   620  _printf_fp_dec.o(.text)
    _printf_char_common                      0x08004b9b   Thumb Code    32  _printf_char_common.o(.text)
    _sputc                                   0x08004bc1   Thumb Code    10  _sputc.o(.text)
    _printf_cs_common                        0x08004bcb   Thumb Code    20  _printf_char.o(.text)
    _printf_char                             0x08004bdf   Thumb Code    16  _printf_char.o(.text)
    _printf_string                           0x08004bef   Thumb Code     8  _printf_char.o(.text)
    _chval                                   0x08004bf7   Thumb Code    28  _chval.o(.text)
    __vfscanf_char                           0x08004c21   Thumb Code    24  scanf_char.o(.text)
    _sgetc                                   0x08004c41   Thumb Code    30  _sgetc.o(.text)
    _sbackspace                              0x08004c5f   Thumb Code    34  _sgetc.o(.text)
    __strtod_int                             0x08004cbd   Thumb Code    90  strtod.o(.text)
    __aeabi_memcpy4                          0x08004d25   Thumb Code     0  rt_memcpy_w.o(.text)
    __aeabi_memcpy8                          0x08004d25   Thumb Code     0  rt_memcpy_w.o(.text)
    __rt_memcpy_w                            0x08004d25   Thumb Code   100  rt_memcpy_w.o(.text)
    _memcpy_lastbytes_aligned                0x08004d6d   Thumb Code     0  rt_memcpy_w.o(.text)
    __rt_locale                              0x08004d89   Thumb Code     8  rt_locale_intlibspace.o(.text)
    __aeabi_errno_addr                       0x08004d91   Thumb Code     8  rt_errno_addr_intlibspace.o(.text)
    __errno$intlibspace                      0x08004d91   Thumb Code     0  rt_errno_addr_intlibspace.o(.text)
    __rt_errno_addr$intlibspace              0x08004d91   Thumb Code     0  rt_errno_addr_intlibspace.o(.text)
    _ll_udiv10                               0x08004d99   Thumb Code   138  lludiv10.o(.text)
    isspace                                  0x08004e23   Thumb Code    18  isspace.o(.text)
    _printf_fp_infnan                        0x08004e35   Thumb Code   112  _printf_fp_infnan.o(.text)
    __vfscanf                                0x08004eb5   Thumb Code   880  _scanf.o(.text)
    _btod_etento                             0x08005229   Thumb Code   224  bigflt0.o(.text)
    __user_libspace                          0x0800530d   Thumb Code     8  libspace.o(.text)
    __user_perproc_libspace                  0x0800530d   Thumb Code     0  libspace.o(.text)
    __user_perthread_libspace                0x0800530d   Thumb Code     0  libspace.o(.text)
    __user_setup_stackheap                   0x08005315   Thumb Code    74  sys_stackheap_outer.o(.text)
    __rt_ctype_table                         0x08005361   Thumb Code    16  rt_ctype_table.o(.text)
    _scanf_really_real                       0x080055bd   Thumb Code   684  scanf_fp.o(.text)
    exit                                     0x08005869   Thumb Code    18  exit.o(.text)
    strcmp                                   0x0800587d   Thumb Code   128  strcmpv7m.o(.text)
    _scanf_really_hex_real                   0x080058fd   Thumb Code   786  scanf_hexfp.o(.text)
    _scanf_really_infnan                     0x08005c1d   Thumb Code   292  scanf_infnan.o(.text)
    __aeabi_llsl                             0x08005d51   Thumb Code     0  llshl.o(.text)
    _ll_shift_l                              0x08005d51   Thumb Code    38  llshl.o(.text)
    _btod_d2e                                0x08005d77   Thumb Code    62  btod.o(CL$$btod_d2e)
    _d2e_denorm_low                          0x08005db5   Thumb Code    70  btod.o(CL$$btod_d2e_denorm_low)
    _d2e_norm_op1                            0x08005dfb   Thumb Code    96  btod.o(CL$$btod_d2e_norm_op1)
    __btod_div_common                        0x08005e5b   Thumb Code   696  btod.o(CL$$btod_div_common)
    _e2d                                     0x08006195   Thumb Code   122  btod.o(CL$$btod_e2d)
    _e2e                                     0x08006219   Thumb Code   220  btod.o(CL$$btod_e2e)
    _btod_ediv                               0x080062f5   Thumb Code    42  btod.o(CL$$btod_ediv)
    _btod_edivd                              0x0800631f   Thumb Code    42  btod.o(CL$$btod_edivd)
    _btod_emul                               0x08006349   Thumb Code    42  btod.o(CL$$btod_emul)
    _btod_emuld                              0x08006373   Thumb Code    42  btod.o(CL$$btod_emuld)
    __btod_mult_common                       0x0800639d   Thumb Code   580  btod.o(CL$$btod_mult_common)
    __ARM_fpclassify                         0x080065e1   Thumb Code    40  fpclassify.o(i.__ARM_fpclassify)
    __kernel_poly                            0x08006609   Thumb Code   170  poly.o(i.__kernel_poly)
    __mathlib_dbl_infnan                     0x080066b3   Thumb Code     6  dunder.o(i.__mathlib_dbl_infnan)
    __mathlib_dbl_overflow                   0x080066b9   Thumb Code    14  dunder.o(i.__mathlib_dbl_overflow)
    __mathlib_dbl_underflow                  0x080066c9   Thumb Code    10  dunder.o(i.__mathlib_dbl_underflow)
    __mathlib_narrow                         0x080066d9   Thumb Code    16  narrow.o(i.__mathlib_narrow)
    __mathlib_tofloat                        0x080066e9   Thumb Code   184  narrow.o(i.__mathlib_tofloat)
    __support_ldexp                          0x080067a5   Thumb Code    22  ldexp.o(i.__support_ldexp)
    _is_digit                                0x080067bb   Thumb Code    14  __printf_wp.o(i._is_digit)
    atan                                     0x080067c9   Thumb Code   474  atan.o(i.atan)
    atof                                     0x080069e9   Thumb Code    42  atof.o(i.atof)
    frexp                                    0x08006a15   Thumb Code    80  frexp.o(i.frexp)
    ldexp                                    0x08006a6d   Thumb Code   116  ldexp.o(i.ldexp)
    sqrt                                     0x08006ae1   Thumb Code    76  sqrt.o(i.sqrt)
    _get_lc_numeric                          0x08006b2d   Thumb Code    44  lc_numeric_c.o(locale$$code)
    _get_lc_ctype                            0x08006b59   Thumb Code    44  lc_ctype_c.o(locale$$code)
    __aeabi_d2f                              0x08006b85   Thumb Code     0  d2f.o(x$fpl$d2f)
    _d2f                                     0x08006b85   Thumb Code    98  d2f.o(x$fpl$d2f)
    __aeabi_dadd                             0x08006be9   Thumb Code     0  daddsub_clz.o(x$fpl$dadd)
    _dadd                                    0x08006be9   Thumb Code   332  daddsub_clz.o(x$fpl$dadd)
    __fpl_dcheck_NaN1                        0x08006d39   Thumb Code    10  dcheck1.o(x$fpl$dcheck1)
    __fpl_dcmp_Inf                           0x08006d49   Thumb Code    24  dcmpi.o(x$fpl$dcmpinf)
    __aeabi_ddiv                             0x08006d61   Thumb Code     0  ddiv.o(x$fpl$ddiv)
    _ddiv                                    0x08006d61   Thumb Code   552  ddiv.o(x$fpl$ddiv)
    __aeabi_cdcmpeq                          0x08007011   Thumb Code     0  deqf.o(x$fpl$deqf)
    _dcmpeq                                  0x08007011   Thumb Code   120  deqf.o(x$fpl$deqf)
    __aeabi_d2iz                             0x08007089   Thumb Code     0  dfix.o(x$fpl$dfix)
    _dfix                                    0x08007089   Thumb Code    94  dfix.o(x$fpl$dfix)
    __aeabi_i2d                              0x080070e7   Thumb Code     0  dflt_clz.o(x$fpl$dflt)
    _dflt                                    0x080070e7   Thumb Code    46  dflt_clz.o(x$fpl$dflt)
    __aeabi_cdcmple                          0x08007115   Thumb Code     0  dleqf.o(x$fpl$dleqf)
    _dcmple                                  0x08007115   Thumb Code   120  dleqf.o(x$fpl$dleqf)
    __fpl_dcmple_InfNaN                      0x08007177   Thumb Code     0  dleqf.o(x$fpl$dleqf)
    __aeabi_dmul                             0x0800718d   Thumb Code     0  dmul.o(x$fpl$dmul)
    _dmul                                    0x0800718d   Thumb Code   332  dmul.o(x$fpl$dmul)
    __fpl_dnaninf                            0x080072e1   Thumb Code   156  dnaninf.o(x$fpl$dnaninf)
    __fpl_dretinf                            0x0800737d   Thumb Code    12  dretinf.o(x$fpl$dretinf)
    __aeabi_cdrcmple                         0x08007389   Thumb Code     0  drleqf.o(x$fpl$drleqf)
    _drcmple                                 0x08007389   Thumb Code   108  drleqf.o(x$fpl$drleqf)
    __aeabi_drsub                            0x080073f5   Thumb Code     0  daddsub_clz.o(x$fpl$drsb)
    _drsb                                    0x080073f5   Thumb Code    22  daddsub_clz.o(x$fpl$drsb)
    _dsqrt                                   0x0800740d   Thumb Code   456  dsqrt_noumaal.o(x$fpl$dsqrt)
    __aeabi_dsub                             0x080075d9   Thumb Code     0  daddsub_clz.o(x$fpl$dsub)
    _dsub                                    0x080075d9   Thumb Code   464  daddsub_clz.o(x$fpl$dsub)
    __aeabi_f2d                              0x080077ad   Thumb Code     0  f2d.o(x$fpl$f2d)
    _f2d                                     0x080077ad   Thumb Code    86  f2d.o(x$fpl$f2d)
    __fpl_fcmp_Inf                           0x08007803   Thumb Code    24  fcmpi.o(x$fpl$fcmpinf)
    __aeabi_i2f                              0x0800781d   Thumb Code     0  fflt_clz.o(x$fpl$fflt)
    _fflt                                    0x0800781d   Thumb Code    48  fflt_clz.o(x$fpl$fflt)
    __aeabi_cfcmple                          0x0800784d   Thumb Code     0  fleqf.o(x$fpl$fleqf)
    _fcmple                                  0x0800784d   Thumb Code   104  fleqf.o(x$fpl$fleqf)
    __fpl_fcmple_InfNaN                      0x0800789f   Thumb Code     0  fleqf.o(x$fpl$fleqf)
    __fpl_fnaninf                            0x080078b5   Thumb Code   140  fnaninf.o(x$fpl$fnaninf)
    __fpl_fretinf                            0x08007941   Thumb Code    10  fretinf.o(x$fpl$fretinf)
    __aeabi_cfrcmple                         0x0800794b   Thumb Code     0  frleqf.o(x$fpl$frleqf)
    _frcmple                                 0x0800794b   Thumb Code    98  frleqf.o(x$fpl$frleqf)
    __ieee_status                            0x080079ad   Thumb Code     6  istatus.o(x$fpl$ieeestatus)
    _printf_fp_dec                           0x080079b3   Thumb Code     4  printf1.o(x$fpl$printf1)
    __fpl_return_NaN                         0x080079b7   Thumb Code   100  retnan.o(x$fpl$retnan)
    __ARM_scalbn                             0x08007a1b   Thumb Code    92  scalbn.o(x$fpl$scalbn)
    _scanf_real                              0x08007a77   Thumb Code     4  scanf1.o(x$fpl$scanf1)
    _scanf_hex_real                          0x08007a7b   Thumb Code     4  scanf2.o(x$fpl$scanf2)
    _scanf_infnan                            0x08007a7f   Thumb Code     4  scanf2.o(x$fpl$scanf2)
    __fpl_cmpreturn                          0x08007a83   Thumb Code    48  trapv.o(x$fpl$trapveneer)
    __I$use$fp                               0x08007ab2   Number         0  usenofp.o(x$fpl$usenofp)
    asc2_0806                                0x08007ab2   Data         552  oled.o(.constdata)
    asc2_1206                                0x08007cda   Data        1140  oled.o(.constdata)
    asc2_1608                                0x0800814e   Data        1520  oled.o(.constdata)
    Hzk1                                     0x0800873e   Data         512  oled.o(.constdata)
    Hzk2                                     0x0800893e   Data        1440  oled.o(.constdata)
    Hzk3                                     0x08008ede   Data         128  oled.o(.constdata)
    Hzk4                                     0x08008f5e   Data         512  oled.o(.constdata)
    auw_hamm                                 0x0800915e   Data          62  algorithm.o(.constdata)
    uch_spo2_table                           0x0800919c   Data         184  algorithm.o(.constdata)
    Region$$Table$$Base                      0x08009384   Number         0  anon$$obj.o(Region$$Table)
    Region$$Table$$Limit                     0x080093a4   Number         0  anon$$obj.o(Region$$Table)
    __aeabi_HUGE_VAL                         0x080093a4   Data           0  fpconst.o(c$$dinf)
    __aeabi_HUGE_VALL                        0x080093a4   Data           0  fpconst.o(c$$dinf)
    __aeabi_INFINITY                         0x080093a4   Data           0  fpconst.o(c$$dinf)
    __dInf                                   0x080093a4   Data           0  fpconst.o(c$$dinf)
    __huge_val                               0x080093a4   Data           0  fpconst.o(c$$dinf)
    __dbl_max                                0x080093ac   Data           0  fpconst.o(c$$dmax)
    __ctype                                  0x080093dd   Data           0  lc_ctype_c.o(locale$$data)
    dis_hr                                   0x20000000   Data           1  main.o(.data)
    hr_thre                                  0x20000001   Data           1  main.o(.data)
    dis_spo2                                 0x20000002   Data           1  main.o(.data)
    spo2_thre                                0x20000003   Data           1  main.o(.data)
    step_num                                 0x20000004   Data           4  main.o(.data)
    temp                                     0x20000008   Data           4  main.o(.data)
    temp_thre                                0x2000000c   Data           4  main.o(.data)
    alarm_en                                 0x20000010   Data           1  main.o(.data)
    SystemCoreClock                          0x2000001c   Data           4  system_stm32f10x.o(.data)
    AHBPrescTable                            0x20000020   Data          16  system_stm32f10x.o(.data)
    longitude                                0x20000030   Data           8  gps.o(.data)
    latitude                                 0x20000038   Data           8  gps.o(.data)
    rxdatabufer                              0x20000040   Data           1  gps.o(.data)
    point1                                   0x20000042   Data           2  gps.o(.data)
    USART2_RX_STA                            0x20000044   Data           2  gps.o(.data)
    n_ir_buffer_length                       0x20000048   Data           4  max30102_read.o(.data)
    n_sp02                                   0x2000004c   Data           4  max30102_read.o(.data)
    ch_spo2_valid                            0x20000050   Data           1  max30102_read.o(.data)
    n_heart_rate                             0x20000054   Data           4  max30102_read.o(.data)
    ch_hr_valid                              0x20000058   Data           1  max30102_read.o(.data)
    uch_dummy                                0x20000059   Data           1  max30102_read.o(.data)
    mqtt_status                              0x2000005c   Data           1  lot.o(.data)
    wifi_connect_state                       0x2000005d   Data           1  lot.o(.data)
    tcp_connect_state                        0x2000005e   Data           1  lot.o(.data)
    lora_ack_recv_finish                     0x2000005f   Data           1  lot.o(.data)
    __stdout                                 0x20000064   Data           4  usart.o(.data)
    USART_RX_STA                             0x20000068   Data           2  usart.o(.data)
    OLED_GRAM                                0x20000080   Data        1152  oled.o(.bss)
    Save_Data                                0x20000500   Data         121  gps.o(.bss)
    USART2_RX_BUF                            0x20000579   Data         200  gps.o(.bss)
    aun_ir_buffer                            0x20000644   Data        2000  max30102_read.o(.bss)
    aun_red_buffer                           0x20000e14   Data        2000  max30102_read.o(.bss)
    ip_addr                                  0x20002d44   Data          20  lot.o(.bss)
    gateway_addr                             0x20002d58   Data          20  lot.o(.bss)
    lora_ack_msg                             0x20002d6c   Data         200  lot.o(.bss)
    USART_RX_BUF                             0x20002e34   Data         500  usart.o(.bss)
    _random_number_data                      0x20003028   Data         228  rand.o(.bss)
    __libspace_start                         0x2000310c   Data          96  libspace.o(.bss)
    __temporary_stack_top$libspace           0x2000316c   Data           0  libspace.o(.bss)



==============================================================================

Memory Map of the image

  Image Entry point : 0x08000131

  Load Region LR_IROM1 (Base: 0x08000000, Size: 0x00009560, Max: 0x00010000, ABSOLUTE)

    Execution Region ER_IROM1 (Exec base: 0x08000000, Load base: 0x08000000, Size: 0x000094e0, Max: 0x00010000, ABSOLUTE)

    Exec Addr    Load Addr    Size         Type   Attr      Idx    E Section Name        Object

    0x08000000   0x08000000   0x00000130   Data   RO          482    RESET               startup_stm32f10x_hd.o
    0x08000130   0x08000130   0x00000008   Code   RO          682  * !!!main             c_w.l(__main.o)
    0x08000138   0x08000138   0x00000034   Code   RO         1069    !!!scatter          c_w.l(__scatter.o)
    0x0800016c   0x0800016c   0x0000001a   Code   RO         1071    !!handler_copy      c_w.l(__scatter_copy.o)
    0x08000186   0x08000186   0x00000002   PAD
    0x08000188   0x08000188   0x0000001c   Code   RO         1073    !!handler_zi        c_w.l(__scatter_zi.o)
    0x080001a4   0x080001a4   0x00000000   Code   RO          658    .ARM.Collect$$_printf_percent$$00000000  c_w.l(_printf_percent.o)
    0x080001a4   0x080001a4   0x00000006   Code   RO          657    .ARM.Collect$$_printf_percent$$00000003  c_w.l(_printf_f.o)
    0x080001aa   0x080001aa   0x00000006   Code   RO          656    .ARM.Collect$$_printf_percent$$00000009  c_w.l(_printf_d.o)
    0x080001b0   0x080001b0   0x00000006   Code   RO          655    .ARM.Collect$$_printf_percent$$00000014  c_w.l(_printf_s.o)
    0x080001b6   0x080001b6   0x00000004   Code   RO          763    .ARM.Collect$$_printf_percent$$00000017  c_w.l(_printf_percent_end.o)
    0x080001ba   0x080001ba   0x00000002   Code   RO          951    .ARM.Collect$$libinit$$00000000  c_w.l(libinit.o)
    0x080001bc   0x080001bc   0x00000000   Code   RO          775    .ARM.Collect$$libinit$$00000002  c_w.l(libinit2.o)
    0x080001bc   0x080001bc   0x00000000   Code   RO          777    .ARM.Collect$$libinit$$00000004  c_w.l(libinit2.o)
    0x080001bc   0x080001bc   0x00000000   Code   RO          780    .ARM.Collect$$libinit$$0000000A  c_w.l(libinit2.o)
    0x080001bc   0x080001bc   0x00000000   Code   RO          782    .ARM.Collect$$libinit$$0000000C  c_w.l(libinit2.o)
    0x080001bc   0x080001bc   0x00000004   Code   RO          783    .ARM.Collect$$libinit$$0000000D  c_w.l(libinit2.o)
    0x080001c0   0x080001c0   0x00000000   Code   RO          784    .ARM.Collect$$libinit$$0000000E  c_w.l(libinit2.o)
    0x080001c0   0x080001c0   0x00000006   Code   RO          785    .ARM.Collect$$libinit$$0000000F  c_w.l(libinit2.o)
    0x080001c6   0x080001c6   0x00000000   Code   RO          787    .ARM.Collect$$libinit$$00000011  c_w.l(libinit2.o)
    0x080001c6   0x080001c6   0x0000000c   Code   RO          788    .ARM.Collect$$libinit$$00000012  c_w.l(libinit2.o)
    0x080001d2   0x080001d2   0x00000000   Code   RO          789    .ARM.Collect$$libinit$$00000013  c_w.l(libinit2.o)
    0x080001d2   0x080001d2   0x00000000   Code   RO          791    .ARM.Collect$$libinit$$00000015  c_w.l(libinit2.o)
    0x080001d2   0x080001d2   0x0000000a   Code   RO          792    .ARM.Collect$$libinit$$00000016  c_w.l(libinit2.o)
    0x080001dc   0x080001dc   0x00000000   Code   RO          793    .ARM.Collect$$libinit$$00000017  c_w.l(libinit2.o)
    0x080001dc   0x080001dc   0x00000000   Code   RO          795    .ARM.Collect$$libinit$$00000019  c_w.l(libinit2.o)
    0x080001dc   0x080001dc   0x00000000   Code   RO          797    .ARM.Collect$$libinit$$0000001B  c_w.l(libinit2.o)
    0x080001dc   0x080001dc   0x00000000   Code   RO          799    .ARM.Collect$$libinit$$0000001D  c_w.l(libinit2.o)
    0x080001dc   0x080001dc   0x00000000   Code   RO          801    .ARM.Collect$$libinit$$0000001F  c_w.l(libinit2.o)
    0x080001dc   0x080001dc   0x00000000   Code   RO          803    .ARM.Collect$$libinit$$00000021  c_w.l(libinit2.o)
    0x080001dc   0x080001dc   0x00000000   Code   RO          805    .ARM.Collect$$libinit$$00000023  c_w.l(libinit2.o)
    0x080001dc   0x080001dc   0x00000000   Code   RO          807    .ARM.Collect$$libinit$$00000025  c_w.l(libinit2.o)
    0x080001dc   0x080001dc   0x00000000   Code   RO          811    .ARM.Collect$$libinit$$0000002C  c_w.l(libinit2.o)
    0x080001dc   0x080001dc   0x00000000   Code   RO          813    .ARM.Collect$$libinit$$0000002E  c_w.l(libinit2.o)
    0x080001dc   0x080001dc   0x00000000   Code   RO          815    .ARM.Collect$$libinit$$00000030  c_w.l(libinit2.o)
    0x080001dc   0x080001dc   0x00000000   Code   RO          817    .ARM.Collect$$libinit$$00000032  c_w.l(libinit2.o)
    0x080001dc   0x080001dc   0x00000002   Code   RO          818    .ARM.Collect$$libinit$$00000033  c_w.l(libinit2.o)
    0x080001de   0x080001de   0x00000002   Code   RO         1015    .ARM.Collect$$libshutdown$$00000000  c_w.l(libshutdown.o)
    0x080001e0   0x080001e0   0x00000000   Code   RO         1033    .ARM.Collect$$libshutdown$$00000002  c_w.l(libshutdown2.o)
    0x080001e0   0x080001e0   0x00000000   Code   RO         1035    .ARM.Collect$$libshutdown$$00000004  c_w.l(libshutdown2.o)
    0x080001e0   0x080001e0   0x00000000   Code   RO         1037    .ARM.Collect$$libshutdown$$00000006  c_w.l(libshutdown2.o)
    0x080001e0   0x080001e0   0x00000000   Code   RO         1040    .ARM.Collect$$libshutdown$$00000009  c_w.l(libshutdown2.o)
    0x080001e0   0x080001e0   0x00000000   Code   RO         1043    .ARM.Collect$$libshutdown$$0000000C  c_w.l(libshutdown2.o)
    0x080001e0   0x080001e0   0x00000000   Code   RO         1045    .ARM.Collect$$libshutdown$$0000000E  c_w.l(libshutdown2.o)
    0x080001e0   0x080001e0   0x00000000   Code   RO         1048    .ARM.Collect$$libshutdown$$00000011  c_w.l(libshutdown2.o)
    0x080001e0   0x080001e0   0x00000002   Code   RO         1049    .ARM.Collect$$libshutdown$$00000012  c_w.l(libshutdown2.o)
    0x080001e2   0x080001e2   0x00000000   Code   RO          750    .ARM.Collect$$rtentry$$00000000  c_w.l(__rtentry.o)
    0x080001e2   0x080001e2   0x00000000   Code   RO          855    .ARM.Collect$$rtentry$$00000002  c_w.l(__rtentry2.o)
    0x080001e2   0x080001e2   0x00000006   Code   RO          867    .ARM.Collect$$rtentry$$00000004  c_w.l(__rtentry4.o)
    0x080001e8   0x080001e8   0x00000000   Code   RO          857    .ARM.Collect$$rtentry$$00000009  c_w.l(__rtentry2.o)
    0x080001e8   0x080001e8   0x00000004   Code   RO          858    .ARM.Collect$$rtentry$$0000000A  c_w.l(__rtentry2.o)
    0x080001ec   0x080001ec   0x00000000   Code   RO          860    .ARM.Collect$$rtentry$$0000000C  c_w.l(__rtentry2.o)
    0x080001ec   0x080001ec   0x00000008   Code   RO          861    .ARM.Collect$$rtentry$$0000000D  c_w.l(__rtentry2.o)
    0x080001f4   0x080001f4   0x00000002   Code   RO          956    .ARM.Collect$$rtexit$$00000000  c_w.l(rtexit.o)
    0x080001f6   0x080001f6   0x00000000   Code   RO          987    .ARM.Collect$$rtexit$$00000002  c_w.l(rtexit2.o)
    0x080001f6   0x080001f6   0x00000004   Code   RO          988    .ARM.Collect$$rtexit$$00000003  c_w.l(rtexit2.o)
    0x080001fa   0x080001fa   0x00000006   Code   RO          989    .ARM.Collect$$rtexit$$00000004  c_w.l(rtexit2.o)
    0x08000200   0x08000200   0x00000034   Code   RO          665    .emb_text           c_w.l(rand.o)
    0x08000234   0x08000234   0x00000490   Code   RO            1    .text               main.o
    0x080006c4   0x080006c4   0x0000001a   Code   RO          168    .text               stm32f10x_it.o
    0x080006de   0x080006de   0x00000002   PAD
    0x080006e0   0x080006e0   0x000001e0   Code   RO          209    .text               system_stm32f10x.o
    0x080008c0   0x080008c0   0x00000990   Code   RO          240    .text               oled.o
    0x08001250   0x08001250   0x00000034   Code   RO          262    .text               beep.o
    0x08001284   0x08001284   0x00000260   Code   RO          274    .text               iic.o
    0x080014e4   0x080014e4   0x00000310   Code   RO          289    .text               adxl345.o
    0x080017f4   0x080017f4   0x000002a0   Code   RO          301    .text               ds18b20.o
    0x08001a94   0x08001a94   0x00000224   Code   RO          325    .text               gps.o
    0x08001cb8   0x08001cb8   0x00000628   Code   RO          344    .text               max30102.o
    0x080022e0   0x080022e0   0x000001cc   Code   RO          356    .text               max30102_read.o
    0x080024ac   0x080024ac   0x000006a4   Code   RO          380    .text               algorithm.o
    0x08002b50   0x08002b50   0x00000334   Code   RO          396    .text               lot.o
    0x08002e84   0x08002e84   0x000000d4   Code   RO          415    .text               delay.o
    0x08002f58   0x08002f58   0x0000036c   Code   RO          446    .text               usart.o
    0x080032c4   0x080032c4   0x00000040   Code   RO          483    .text               startup_stm32f10x_hd.o
    0x08003304   0x08003304   0x000000dc   Code   RO          487    .text               misc.o
    0x080033e0   0x080033e0   0x0000035c   Code   RO          511    .text               stm32f10x_gpio.o
    0x0800373c   0x0800373c   0x00000408   Code   RO          523    .text               stm32f10x_usart.o
    0x08003b44   0x08003b44   0x000003a4   Code   RO          535    .text               stm32f10x_rcc.o
    0x08003ee8   0x08003ee8   0x000000c4   Code   RO          597    .text               stm32f10x_bkp.o
    0x08003fac   0x08003fac   0x000000cc   Code   RO          609    .text               stm32f10x_pwr.o
    0x08004078   0x08004078   0x00000002   Code   RO          623    .text               c_w.l(use_no_semi_2.o)
    0x0800407a   0x0800407a   0x00000002   PAD
    0x0800407c   0x0800407c   0x00000028   Code   RO          627    .text               c_w.l(noretval__2sprintf.o)
    0x080040a4   0x080040a4   0x00000052   Code   RO          631    .text               c_w.l(_printf_str.o)
    0x080040f6   0x080040f6   0x00000002   PAD
    0x080040f8   0x080040f8   0x00000078   Code   RO          633    .text               c_w.l(_printf_dec.o)
    0x08004170   0x08004170   0x0000010e   Code   RO          643    .text               c_w.l(__printf_wp.o)
    0x0800427e   0x0800427e   0x00000002   PAD
    0x08004280   0x08004280   0x0000003c   Code   RO          659    .text               c_w.l(__0sscanf.o)
    0x080042bc   0x080042bc   0x0000014c   Code   RO          661    .text               c_w.l(_scanf_int.o)
    0x08004408   0x08004408   0x000000e0   Code   RO          663    .text               c_w.l(_scanf_str.o)
    0x080044e8   0x080044e8   0x0000003c   Code   RO          666    .text               c_w.l(rand.o)
    0x08004524   0x08004524   0x00000024   Code   RO          670    .text               c_w.l(strstr.o)
    0x08004548   0x08004548   0x0000003e   Code   RO          672    .text               c_w.l(strlen.o)
    0x08004586   0x08004586   0x0000008a   Code   RO          674    .text               c_w.l(rt_memcpy_v6.o)
    0x08004610   0x08004610   0x00000044   Code   RO          676    .text               c_w.l(rt_memclr.o)
    0x08004654   0x08004654   0x0000004e   Code   RO          678    .text               c_w.l(rt_memclr_w.o)
    0x080046a2   0x080046a2   0x00000006   Code   RO          680    .text               c_w.l(heapauxi.o)
    0x080046a8   0x080046a8   0x00000002   Code   RO          748    .text               c_w.l(use_no_semi.o)
    0x080046aa   0x080046aa   0x00000016   Code   RO          751    .text               c_w.l(_rserrno.o)
    0x080046c0   0x080046c0   0x000000b2   Code   RO          753    .text               c_w.l(_printf_intcommon.o)
    0x08004772   0x08004772   0x0000041e   Code   RO          755    .text               c_w.l(_printf_fp_dec.o)
    0x08004b90   0x08004b90   0x00000030   Code   RO          757    .text               c_w.l(_printf_char_common.o)
    0x08004bc0   0x08004bc0   0x0000000a   Code   RO          759    .text               c_w.l(_sputc.o)
    0x08004bca   0x08004bca   0x0000002c   Code   RO          761    .text               c_w.l(_printf_char.o)
    0x08004bf6   0x08004bf6   0x0000001c   Code   RO          764    .text               c_w.l(_chval.o)
    0x08004c12   0x08004c12   0x00000002   PAD
    0x08004c14   0x08004c14   0x0000002c   Code   RO          766    .text               c_w.l(scanf_char.o)
    0x08004c40   0x08004c40   0x00000040   Code   RO          768    .text               c_w.l(_sgetc.o)
    0x08004c80   0x08004c80   0x000000a4   Code   RO          770    .text               c_w.l(strtod.o)
    0x08004d24   0x08004d24   0x00000064   Code   RO          772    .text               c_w.l(rt_memcpy_w.o)
    0x08004d88   0x08004d88   0x00000008   Code   RO          872    .text               c_w.l(rt_locale_intlibspace.o)
    0x08004d90   0x08004d90   0x00000008   Code   RO          877    .text               c_w.l(rt_errno_addr_intlibspace.o)
    0x08004d98   0x08004d98   0x0000008a   Code   RO          879    .text               c_w.l(lludiv10.o)
    0x08004e22   0x08004e22   0x00000012   Code   RO          881    .text               c_w.l(isspace.o)
    0x08004e34   0x08004e34   0x00000080   Code   RO          883    .text               c_w.l(_printf_fp_infnan.o)
    0x08004eb4   0x08004eb4   0x00000374   Code   RO          887    .text               c_w.l(_scanf.o)
    0x08005228   0x08005228   0x000000e4   Code   RO          889    .text               c_w.l(bigflt0.o)
    0x0800530c   0x0800530c   0x00000008   Code   RO          929    .text               c_w.l(libspace.o)
    0x08005314   0x08005314   0x0000004a   Code   RO          932    .text               c_w.l(sys_stackheap_outer.o)
    0x0800535e   0x0800535e   0x00000002   PAD
    0x08005360   0x08005360   0x00000010   Code   RO          934    .text               c_w.l(rt_ctype_table.o)
    0x08005370   0x08005370   0x000004f8   Code   RO          936    .text               c_w.l(scanf_fp.o)
    0x08005868   0x08005868   0x00000012   Code   RO          938    .text               c_w.l(exit.o)
    0x0800587a   0x0800587a   0x00000002   PAD
    0x0800587c   0x0800587c   0x00000080   Code   RO          940    .text               c_w.l(strcmpv7m.o)
    0x080058fc   0x080058fc   0x00000320   Code   RO          995    .text               c_w.l(scanf_hexfp.o)
    0x08005c1c   0x08005c1c   0x00000134   Code   RO          997    .text               c_w.l(scanf_infnan.o)
    0x08005d50   0x08005d50   0x00000026   Code   RO         1007    .text               c_w.l(llshl.o)
    0x08005d76   0x08005d76   0x0000003e   Code   RO          892    CL$$btod_d2e        c_w.l(btod.o)
    0x08005db4   0x08005db4   0x00000046   Code   RO          894    CL$$btod_d2e_denorm_low  c_w.l(btod.o)
    0x08005dfa   0x08005dfa   0x00000060   Code   RO          893    CL$$btod_d2e_norm_op1  c_w.l(btod.o)
    0x08005e5a   0x08005e5a   0x00000338   Code   RO          902    CL$$btod_div_common  c_w.l(btod.o)
    0x08006192   0x08006192   0x00000002   PAD
    0x08006194   0x08006194   0x00000084   Code   RO          900    CL$$btod_e2d        c_w.l(btod.o)
    0x08006218   0x08006218   0x000000dc   Code   RO          899    CL$$btod_e2e        c_w.l(btod.o)
    0x080062f4   0x080062f4   0x0000002a   Code   RO          896    CL$$btod_ediv       c_w.l(btod.o)
    0x0800631e   0x0800631e   0x0000002a   Code   RO          898    CL$$btod_edivd      c_w.l(btod.o)
    0x08006348   0x08006348   0x0000002a   Code   RO          895    CL$$btod_emul       c_w.l(btod.o)
    0x08006372   0x08006372   0x0000002a   Code   RO          897    CL$$btod_emuld      c_w.l(btod.o)
    0x0800639c   0x0800639c   0x00000244   Code   RO          901    CL$$btod_mult_common  c_w.l(btod.o)
    0x080065e0   0x080065e0   0x00000028   Code   RO          850    i.__ARM_fpclassify  m_ws.l(fpclassify.o)
    0x08006608   0x08006608   0x000000aa   Code   RO          852    i.__kernel_poly     m_ws.l(poly.o)
    0x080066b2   0x080066b2   0x00000006   Code   RO          837    i.__mathlib_dbl_infnan  m_ws.l(dunder.o)
    0x080066b8   0x080066b8   0x0000000e   Code   RO          840    i.__mathlib_dbl_overflow  m_ws.l(dunder.o)
    0x080066c6   0x080066c6   0x00000002   PAD
    0x080066c8   0x080066c8   0x00000010   Code   RO          842    i.__mathlib_dbl_underflow  m_ws.l(dunder.o)
    0x080066d8   0x080066d8   0x00000010   Code   RO          979    i.__mathlib_narrow  m_ws.l(narrow.o)
    0x080066e8   0x080066e8   0x000000bc   Code   RO          980    i.__mathlib_tofloat  m_ws.l(narrow.o)
    0x080067a4   0x080067a4   0x00000016   Code   RO         1017    i.__support_ldexp   m_ws.l(ldexp.o)
    0x080067ba   0x080067ba   0x0000000e   Code   RO          645    i._is_digit         c_w.l(__printf_wp.o)
    0x080067c8   0x080067c8   0x00000220   Code   RO          727    i.atan              m_ws.l(atan.o)
    0x080069e8   0x080069e8   0x0000002a   Code   RO          737    i.atof              m_ws.l(atof.o)
    0x08006a12   0x08006a12   0x00000002   PAD
    0x08006a14   0x08006a14   0x00000058   Code   RO         1004    i.frexp             m_ws.l(frexp.o)
    0x08006a6c   0x08006a6c   0x00000074   Code   RO         1018    i.ldexp             m_ws.l(ldexp.o)
    0x08006ae0   0x08006ae0   0x0000004c   Code   RO          741    i.sqrt              m_ws.l(sqrt.o)
    0x08006b2c   0x08006b2c   0x0000002c   Code   RO          915    locale$$code        c_w.l(lc_numeric_c.o)
    0x08006b58   0x08006b58   0x0000002c   Code   RO          961    locale$$code        c_w.l(lc_ctype_c.o)
    0x08006b84   0x08006b84   0x00000062   Code   RO          684    x$fpl$d2f           fz_ws.l(d2f.o)
    0x08006be6   0x08006be6   0x00000002   PAD
    0x08006be8   0x08006be8   0x00000150   Code   RO          686    x$fpl$dadd          fz_ws.l(daddsub_clz.o)
    0x08006d38   0x08006d38   0x00000010   Code   RO          919    x$fpl$dcheck1       fz_ws.l(dcheck1.o)
    0x08006d48   0x08006d48   0x00000018   Code   RO          819    x$fpl$dcmpinf       fz_ws.l(dcmpi.o)
    0x08006d60   0x08006d60   0x000002b0   Code   RO          693    x$fpl$ddiv          fz_ws.l(ddiv.o)
    0x08007010   0x08007010   0x00000078   Code   RO          696    x$fpl$deqf          fz_ws.l(deqf.o)
    0x08007088   0x08007088   0x0000005e   Code   RO          698    x$fpl$dfix          fz_ws.l(dfix.o)
    0x080070e6   0x080070e6   0x0000002e   Code   RO          703    x$fpl$dflt          fz_ws.l(dflt_clz.o)
    0x08007114   0x08007114   0x00000078   Code   RO          708    x$fpl$dleqf         fz_ws.l(dleqf.o)
    0x0800718c   0x0800718c   0x00000154   Code   RO          710    x$fpl$dmul          fz_ws.l(dmul.o)
    0x080072e0   0x080072e0   0x0000009c   Code   RO          821    x$fpl$dnaninf       fz_ws.l(dnaninf.o)
    0x0800737c   0x0800737c   0x0000000c   Code   RO          823    x$fpl$dretinf       fz_ws.l(dretinf.o)
    0x08007388   0x08007388   0x0000006c   Code   RO          712    x$fpl$drleqf        fz_ws.l(drleqf.o)
    0x080073f4   0x080073f4   0x00000016   Code   RO          687    x$fpl$drsb          fz_ws.l(daddsub_clz.o)
    0x0800740a   0x0800740a   0x00000002   PAD
    0x0800740c   0x0800740c   0x000001cc   Code   RO          825    x$fpl$dsqrt         fz_ws.l(dsqrt_noumaal.o)
    0x080075d8   0x080075d8   0x000001d4   Code   RO          688    x$fpl$dsub          fz_ws.l(daddsub_clz.o)
    0x080077ac   0x080077ac   0x00000056   Code   RO          714    x$fpl$f2d           fz_ws.l(f2d.o)
    0x08007802   0x08007802   0x00000018   Code   RO          921    x$fpl$fcmpinf       fz_ws.l(fcmpi.o)
    0x0800781a   0x0800781a   0x00000002   PAD
    0x0800781c   0x0800781c   0x00000030   Code   RO          717    x$fpl$fflt          fz_ws.l(fflt_clz.o)
    0x0800784c   0x0800784c   0x00000068   Code   RO          827    x$fpl$fleqf         fz_ws.l(fleqf.o)
    0x080078b4   0x080078b4   0x0000008c   Code   RO          829    x$fpl$fnaninf       fz_ws.l(fnaninf.o)
    0x08007940   0x08007940   0x0000000a   Code   RO          831    x$fpl$fretinf       fz_ws.l(fretinf.o)
    0x0800794a   0x0800794a   0x00000062   Code   RO          722    x$fpl$frleqf        fz_ws.l(frleqf.o)
    0x080079ac   0x080079ac   0x00000006   Code   RO          925    x$fpl$ieeestatus    fz_ws.l(istatus.o)
    0x080079b2   0x080079b2   0x00000004   Code   RO          724    x$fpl$printf1       fz_ws.l(printf1.o)
    0x080079b6   0x080079b6   0x00000064   Code   RO          952    x$fpl$retnan        fz_ws.l(retnan.o)
    0x08007a1a   0x08007a1a   0x0000005c   Code   RO          833    x$fpl$scalbn        fz_ws.l(scalbn.o)
    0x08007a76   0x08007a76   0x00000004   Code   RO          927    x$fpl$scanf1        fz_ws.l(scanf1.o)
    0x08007a7a   0x08007a7a   0x00000008   Code   RO          971    x$fpl$scanf2        fz_ws.l(scanf2.o)
    0x08007a82   0x08007a82   0x00000030   Code   RO          977    x$fpl$trapveneer    fz_ws.l(trapv.o)
    0x08007ab2   0x08007ab2   0x00000000   Code   RO          835    x$fpl$usenofp       fz_ws.l(usenofp.o)
    0x08007ab2   0x08007ab2   0x000016ac   Data   RO          242    .constdata          oled.o
    0x0800915e   0x0800915e   0x000000f6   Data   RO          382    .constdata          algorithm.o
    0x08009254   0x08009254   0x00000004   PAD
    0x08009258   0x08009258   0x00000098   Data   RO          728    .constdata          m_ws.l(atan.o)
    0x080092f0   0x080092f0   0x00000094   Data   RO          890    .constdata          c_w.l(bigflt0.o)
    0x08009384   0x08009384   0x00000020   Data   RO         1067    Region$$Table       anon$$obj.o
    0x080093a4   0x080093a4   0x00000008   Data   RO          967    c$$dinf             fz_ws.l(fpconst.o)
    0x080093ac   0x080093ac   0x00000008   Data   RO          970    c$$dmax             fz_ws.l(fpconst.o)
    0x080093b4   0x080093b4   0x0000001c   Data   RO          914    locale$$data        c_w.l(lc_numeric_c.o)
    0x080093d0   0x080093d0   0x00000110   Data   RO          960    locale$$data        c_w.l(lc_ctype_c.o)


    Execution Region RW_IRAM1 (Exec base: 0x20000000, Load base: 0x080094e0, Size: 0x00003770, Max: 0x00005000, ABSOLUTE)

    Exec Addr    Load Addr    Size         Type   Attr      Idx    E Section Name        Object

    0x20000000   0x080094e0   0x00000019   Data   RW            2    .data               main.o
    0x20000019   0x080094f9   0x00000003   PAD
    0x2000001c   0x080094fc   0x00000014   Data   RW          210    .data               system_stm32f10x.o
    0x20000030   0x08009510   0x00000016   Data   RW          327    .data               gps.o
    0x20000046   0x08009526   0x00000002   PAD
    0x20000048   0x08009528   0x00000014   Data   RW          358    .data               max30102_read.o
    0x2000005c   0x0800953c   0x00000004   Data   RW          398    .data               lot.o
    0x20000060   0x08009540   0x00000004   Data   RW          416    .data               delay.o
    0x20000064   0x08009544   0x00000006   Data   RW          448    .data               usart.o
    0x2000006a   0x0800954a   0x00000014   Data   RW          536    .data               stm32f10x_rcc.o
    0x2000007e   0x0800955e   0x00000002   PAD
    0x20000080        -       0x00000480   Zero   RW          241    .bss                oled.o
    0x20000500        -       0x00000141   Zero   RW          326    .bss                gps.o
    0x20000641   0x0800955e   0x00000003   PAD
    0x20000644        -       0x00000fa0   Zero   RW          357    .bss                max30102_read.o
    0x200015e4        -       0x00001760   Zero   RW          381    .bss                algorithm.o
    0x20002d44        -       0x000000f0   Zero   RW          397    .bss                lot.o
    0x20002e34        -       0x000001f4   Zero   RW          447    .bss                usart.o
    0x20003028        -       0x000000e4   Zero   RW          667    .bss                c_w.l(rand.o)
    0x2000310c        -       0x00000060   Zero   RW          930    .bss                c_w.l(libspace.o)
    0x2000316c   0x0800955e   0x00000004   PAD
    0x20003170        -       0x00000200   Zero   RW          481    HEAP                startup_stm32f10x_hd.o
    0x20003370        -       0x00000400   Zero   RW          480    STACK               startup_stm32f10x_hd.o


==============================================================================

Image component sizes


      Code (inc. data)   RO Data    RW Data    ZI Data      Debug   Object Name

       784         14          0          0          0       2307   adxl345.o
      1700         30        246          0       5984       5519   algorithm.o
        52          8          0          0          0        440   beep.o
       212         18          0          4          0        963   delay.o
       672         26          0          0          0       2234   ds18b20.o
       548         60          0         22        321       2368   gps.o
       608          6          0          0          0       2176   iic.o
       820        410          0          4        240       2814   lot.o
      1168        228          0         25          0     233750   main.o
      1576         20          0          0          0       5978   max30102.o
       460         50          0         20       4000       1876   max30102_read.o
       220         22          0          0          0       1721   misc.o
      2448         44       5804          0       1152       8937   oled.o
        64         26        304          0       1536        760   startup_stm32f10x_hd.o
       196          8          0          0          0       3416   stm32f10x_bkp.o
       860         38          0          0          0       5653   stm32f10x_gpio.o
        26          0          0          0          0       1138   stm32f10x_it.o
       204         14          0          0          0       1915   stm32f10x_pwr.o
       932         36          0         20          0       8788   stm32f10x_rcc.o
      1032         22          0          0          0       8376   stm32f10x_usart.o
         0          0          0          0          0         32   sys.o
       480         38          0         20          0       1619   system_stm32f10x.o
       876         30          0          6        500       4654   usart.o

    ----------------------------------------------------------------------
     15940       1148       6390        128      13736     307434   Object Totals
         0          0         32          0          0          0   (incl. Generated)
         2          0          4          7          3          0   (incl. Padding)

    ----------------------------------------------------------------------

      Code (inc. data)   RO Data    RW Data    ZI Data      Debug   Library Member Name

        60          8          0          0          0         84   __0sscanf.o
         8          0          0          0          0         68   __main.o
       284          0          0          0          0        156   __printf_wp.o
         0          0          0          0          0          0   __rtentry.o
        12          0          0          0          0          0   __rtentry2.o
         6          0          0          0          0          0   __rtentry4.o
        52          8          0          0          0          0   __scatter.o
        26          0          0          0          0          0   __scatter_copy.o
        28          0          0          0          0          0   __scatter_zi.o
        28          0          0          0          0         68   _chval.o
        44          0          0          0          0        108   _printf_char.o
        48          6          0          0          0         96   _printf_char_common.o
         6          0          0          0          0          0   _printf_d.o
       120         16          0          0          0         92   _printf_dec.o
         6          0          0          0          0          0   _printf_f.o
      1054          0          0          0          0        216   _printf_fp_dec.o
       128         16          0          0          0         84   _printf_fp_infnan.o
       178          0          0          0          0         88   _printf_intcommon.o
         0          0          0          0          0          0   _printf_percent.o
         4          0          0          0          0          0   _printf_percent_end.o
         6          0          0          0          0          0   _printf_s.o
        82          0          0          0          0         80   _printf_str.o
        22          0          0          0          0        100   _rserrno.o
       884          4          0          0          0        100   _scanf.o
       332          0          0          0          0         96   _scanf_int.o
       224          0          0          0          0         96   _scanf_str.o
        64          0          0          0          0         84   _sgetc.o
        10          0          0          0          0         68   _sputc.o
       228          4        148          0          0         96   bigflt0.o
      2152        136          0          0          0        960   btod.o
        18          0          0          0          0         80   exit.o
         6          0          0          0          0        152   heapauxi.o
        18          0          0          0          0         76   isspace.o
        44         10        272          0          0         76   lc_ctype_c.o
        44         10         28          0          0         76   lc_numeric_c.o
         2          0          0          0          0          0   libinit.o
        34          0          0          0          0          0   libinit2.o
         2          0          0          0          0          0   libshutdown.o
         2          0          0          0          0          0   libshutdown2.o
         8          4          0          0         96         68   libspace.o
        38          0          0          0          0         68   llshl.o
       138          0          0          0          0         80   lludiv10.o
        40          6          0          0          0         84   noretval__2sprintf.o
       112         18          0          0        228        160   rand.o
        16          4          0          0          0         76   rt_ctype_table.o
         8          4          0          0          0         68   rt_errno_addr_intlibspace.o
         8          4          0          0          0         68   rt_locale_intlibspace.o
        68          0          0          0          0         68   rt_memclr.o
        78          0          0          0          0         80   rt_memclr_w.o
       138          0          0          0          0         68   rt_memcpy_v6.o
       100          0          0          0          0         80   rt_memcpy_w.o
         2          0          0          0          0          0   rtexit.o
        10          0          0          0          0          0   rtexit2.o
        44          8          0          0          0         84   scanf_char.o
      1272         16          0          0          0        168   scanf_fp.o
       800         14          0          0          0        100   scanf_hexfp.o
       308         16          0          0          0        100   scanf_infnan.o
       128          0          0          0          0         68   strcmpv7m.o
        62          0          0          0          0         76   strlen.o
        36          0          0          0          0         80   strstr.o
       164         14          0          0          0        120   strtod.o
        74          0          0          0          0         80   sys_stackheap_outer.o
         2          0          0          0          0         68   use_no_semi.o
         2          0          0          0          0         68   use_no_semi_2.o
        98          4          0          0          0         92   d2f.o
       826         16          0          0          0        348   daddsub_clz.o
        16          4          0          0          0         68   dcheck1.o
        24          0          0          0          0         68   dcmpi.o
       688        140          0          0          0        208   ddiv.o
       120          4          0          0          0         92   deqf.o
        94          4          0          0          0         92   dfix.o
        46          0          0          0          0         68   dflt_clz.o
       120          4          0          0          0         92   dleqf.o
       340         12          0          0          0        104   dmul.o
       156          4          0          0          0         92   dnaninf.o
        12          0          0          0          0         68   dretinf.o
       108          0          0          0          0         80   drleqf.o
       460         56          0          0          0        120   dsqrt_noumaal.o
        86          4          0          0          0         84   f2d.o
        24          0          0          0          0         68   fcmpi.o
        48          0          0          0          0         68   fflt_clz.o
       104          4          0          0          0         84   fleqf.o
       140          4          0          0          0         84   fnaninf.o
         0          0         16          0          0          0   fpconst.o
        10          0          0          0          0         68   fretinf.o
        98          0          0          0          0         68   frleqf.o
         6          0          0          0          0         68   istatus.o
         4          0          0          0          0         68   printf1.o
       100          0          0          0          0         68   retnan.o
        92          0          0          0          0         68   scalbn.o
         4          0          0          0          0         68   scanf1.o
         8          0          0          0          0         84   scanf2.o
        48          0          0          0          0         68   trapv.o
         0          0          0          0          0          0   usenofp.o
       544         70        152          0          0        124   atan.o
        42          0          0          0          0         84   atof.o
        36          6          0          0          0        204   dunder.o
        40          0          0          0          0         68   fpclassify.o
        88          8          0          0          0         76   frexp.o
       138          0          0          0          0        160   ldexp.o
       204          4          0          0          0        168   narrow.o
       170          0          0          0          0         96   poly.o
        76          0          0          0          0         84   sqrt.o

    ----------------------------------------------------------------------
     15166        676        616          0        328       8852   Library Totals
        26          2          0          0          4          0   (incl. Padding)

    ----------------------------------------------------------------------

      Code (inc. data)   RO Data    RW Data    ZI Data      Debug   Library Name

      9922        326        448          0        324       5180   c_w.l
      3880        260         16          0          0       2608   fz_ws.l
      1338         88        152          0          0       1064   m_ws.l

    ----------------------------------------------------------------------
     15166        676        616          0        328       8852   Library Totals

    ----------------------------------------------------------------------

==============================================================================


      Code (inc. data)   RO Data    RW Data    ZI Data      Debug   

     31106       1824       7006        128      14064     309522   Grand Totals
     31106       1824       7006        128      14064     309522   ELF Image Totals
     31106       1824       7006        128          0          0   ROM Totals

==============================================================================

    Total RO  Size (Code + RO Data)                38112 (  37.22kB)
    Total RW  Size (RW Data + ZI Data)             14192 (  13.86kB)
    Total ROM Size (Code + RO Data + RW Data)      38240 (  37.34kB)

==============================================================================

